running egg_info
writing ../../build/puzzle_sim/puzzle_sim.egg-info/PKG-INFO
writing dependency_links to ../../build/puzzle_sim/puzzle_sim.egg-info/dependency_links.txt
writing entry points to ../../build/puzzle_sim/puzzle_sim.egg-info/entry_points.txt
writing requirements to ../../build/puzzle_sim/puzzle_sim.egg-info/requires.txt
writing top-level names to ../../build/puzzle_sim/puzzle_sim.egg-info/top_level.txt
reading manifest file '../../build/puzzle_sim/puzzle_sim.egg-info/SOURCES.txt'
writing manifest file '../../build/puzzle_sim/puzzle_sim.egg-info/SOURCES.txt'
running build
running build_py
running install
running install_lib
running install_data
copying urdf/puzzlebot.urdf -> /home/felipe/ros2_ws/install/puzzle_sim/share/puzzle_sim/urdf
copying meshes/MCR2_puzzlebot_jetson_base.stl -> /home/felipe/ros2_ws/install/puzzle_sim/share/puzzle_sim/meshes
copying meshes/MCR2_caster_wheel.stl -> /home/felipe/ros2_ws/install/puzzle_sim/share/puzzle_sim/meshes
copying meshes/MCR2_wheel.stl -> /home/felipe/ros2_ws/install/puzzle_sim/share/puzzle_sim/meshes
copying meshes/MCR2_puzzlebot_base.stl -> /home/felipe/ros2_ws/install/puzzle_sim/share/puzzle_sim/meshes
copying meshes/MCR2_puzzlebot_jetson_lidar_base.stl -> /home/felipe/ros2_ws/install/puzzle_sim/share/puzzle_sim/meshes
running install_egg_info
removing '/home/felipe/ros2_ws/install/puzzle_sim/lib/python3.10/site-packages/puzzle_sim-0.0.1-py3.10.egg-info' (and everything under it)
Copying ../../build/puzzle_sim/puzzle_sim.egg-info to /home/felipe/ros2_ws/install/puzzle_sim/lib/python3.10/site-packages/puzzle_sim-0.0.1-py3.10.egg-info
running install_scripts
writing list of installed files to '/home/felipe/ros2_ws/build/puzzle_sim/install.log'
