[0.007s] Invoking command in '/home/felipe/ros2_ws/build/azure_kinect_ros_driver': CMAKE_PREFIX_PATH=/opt/ros/humble /usr/bin/cmake /home/felipe/ros2_ws/src/azure_kinect_ros_driver -DCMAKE_INSTALL_PREFIX=/home/felipe/ros2_ws/install/azure_kinect_ros_driver
[0.016s] -- Found ament_cmake: 1.3.11 (/opt/ros/humble/share/ament_cmake/cmake)
[0.099s] -- Override CMake install command with custom implementation using symlinks instead of copying resources
[0.103s] -- Found rclcpp: 16.0.12 (/opt/ros/humble/share/rclcpp/cmake)
[0.119s] -- Found rosidl_generator_c: 3.1.6 (/opt/ros/humble/share/rosidl_generator_c/cmake)
[0.120s] -- Found rosidl_adapter: 3.1.6 (/opt/ros/humble/share/rosidl_adapter/cmake)
[0.123s] -- Found rosidl_generator_cpp: 3.1.6 (/opt/ros/humble/share/rosidl_generator_cpp/cmake)
[0.129s] -- Using all available rosidl_typesupport_c: rosidl_typesupport_fastrtps_c;rosidl_typesupport_introspection_c
[0.136s] -- Using all available rosidl_typesupport_cpp: rosidl_typesupport_fastrtps_cpp;rosidl_typesupport_introspection_cpp
[0.154s] -- Found rmw_implementation_cmake: 6.1.2 (/opt/ros/humble/share/rmw_implementation_cmake/cmake)
[0.155s] -- Found rmw_fastrtps_cpp: 6.2.7 (/opt/ros/humble/share/rmw_fastrtps_cpp/cmake)
[0.222s] -- Using RMW implementation 'rmw_fastrtps_cpp' as default
[0.250s] -- Found sensor_msgs: 4.9.0 (/opt/ros/humble/share/sensor_msgs/cmake)
[0.265s] -- Found visualization_msgs: 4.9.0 (/opt/ros/humble/share/visualization_msgs/cmake)
[0.276s] -- Found image_transport: 3.1.12 (/opt/ros/humble/share/image_transport/cmake)
[0.287s] -- Found tf2: 0.25.13 (/opt/ros/humble/share/tf2/cmake)
[0.288s] -- Found tf2_ros: 0.25.13 (/opt/ros/humble/share/tf2_ros/cmake)
[0.330s] -- Found tf2_geometry_msgs: 0.25.13 (/opt/ros/humble/share/tf2_geometry_msgs/cmake)
[0.331s] -- Found eigen3_cmake_module: 0.1.1 (/opt/ros/humble/share/eigen3_cmake_module/cmake)
[0.332s] -- Ensuring Eigen3 include directory is part of orocos-kdl CMake target
[0.333s] -- Found cv_bridge: 3.2.1 (/opt/ros/humble/share/cv_bridge/cmake)
[0.338s] -- Found angles: 1.15.0 (/opt/ros/humble/share/angles/cmake)
[0.340s] [0mFinding K4A SDK binaries[0m
[0.346s] [0m!!! Body Tracking SDK not found: body tracking features will not be available !!![0m
[0.346s] [0mK4A Libs: k4a::k4a;k4a::k4arecord[0m
[0.346s] [0mK4A DLLs: /usr/lib/x86_64-linux-gnu/libk4a.so.1.4.1;/usr/lib/x86_64-linux-gnu/libk4arecord.so.1.4.1[0m
[0.346s] [0mK4A Install Needed: FALSE[0m
[0.387s] -- Configuring done
[0.394s] -- Generating done
[0.397s] -- Build files have been written to: /home/felipe/ros2_ws/build/azure_kinect_ros_driver
[0.404s] Invoked command in '/home/felipe/ros2_ws/build/azure_kinect_ros_driver' returned '0': CMAKE_PREFIX_PATH=/opt/ros/humble /usr/bin/cmake /home/felipe/ros2_ws/src/azure_kinect_ros_driver -DCMAKE_INSTALL_PREFIX=/home/felipe/ros2_ws/install/azure_kinect_ros_driver
[0.404s] Invoking command in '/home/felipe/ros2_ws/build/azure_kinect_ros_driver': CMAKE_PREFIX_PATH=/opt/ros/humble /usr/bin/cmake --build /home/felipe/ros2_ws/build/azure_kinect_ros_driver -- -j12 -l12
[0.433s] [35m[1mConsolidate compiler generated dependencies of target azure_kinect_ros_driver_node[0m
[0.448s] [ 20%] [32mBuilding CXX object CMakeFiles/azure_kinect_ros_driver_node.dir/src/k4a_ros_device.cpp.o[0m
[4.458s] [ 40%] [32m[1mLinking CXX executable node[0m
[4.983s] [100%] Built target azure_kinect_ros_driver_node
[4.990s] Invoked command in '/home/felipe/ros2_ws/build/azure_kinect_ros_driver' returned '0': CMAKE_PREFIX_PATH=/opt/ros/humble /usr/bin/cmake --build /home/felipe/ros2_ws/build/azure_kinect_ros_driver -- -j12 -l12
[4.998s] Invoking command in '/home/felipe/ros2_ws/build/azure_kinect_ros_driver': CMAKE_PREFIX_PATH=/opt/ros/humble /usr/bin/cmake --install /home/felipe/ros2_ws/build/azure_kinect_ros_driver
[5.004s] -- Install configuration: ""
[5.004s] -- Execute custom install script
[5.004s] -- Symlinking: /home/felipe/ros2_ws/install/azure_kinect_ros_driver/lib/azure_kinect_ros_driver/node
[5.012s] -- Symlinking: /home/felipe/ros2_ws/install/azure_kinect_ros_driver/share/azure_kinect_ros_driver//launch/driver.launch.py
[5.018s] -- Symlinking: /home/felipe/ros2_ws/install/azure_kinect_ros_driver/share/azure_kinect_ros_driver//launch/rectify_test.launch
[5.024s] -- Symlinking: /home/felipe/ros2_ws/install/azure_kinect_ros_driver/share/azure_kinect_ros_driver//launch/slam_rtabmap.launch
[5.030s] -- Symlinking: /home/felipe/ros2_ws/install/azure_kinect_ros_driver/share/azure_kinect_ros_driver//urdf/azure_kinect.urdf.xacro
[5.036s] -- Symlinking: /home/felipe/ros2_ws/install/azure_kinect_ros_driver/share/ament_index/resource_index/package_run_dependencies/azure_kinect_ros_driver
[5.042s] -- Symlinking: /home/felipe/ros2_ws/install/azure_kinect_ros_driver/share/ament_index/resource_index/parent_prefix_path/azure_kinect_ros_driver
[5.048s] -- Symlinking: /home/felipe/ros2_ws/install/azure_kinect_ros_driver/share/azure_kinect_ros_driver/environment/ament_prefix_path.sh
[5.055s] -- Symlinking: /home/felipe/ros2_ws/install/azure_kinect_ros_driver/share/azure_kinect_ros_driver/environment/ament_prefix_path.dsv
[5.063s] -- Symlinking: /home/felipe/ros2_ws/install/azure_kinect_ros_driver/share/azure_kinect_ros_driver/environment/path.sh
[5.070s] -- Symlinking: /home/felipe/ros2_ws/install/azure_kinect_ros_driver/share/azure_kinect_ros_driver/environment/path.dsv
[5.077s] -- Symlinking: /home/felipe/ros2_ws/install/azure_kinect_ros_driver/share/azure_kinect_ros_driver/local_setup.bash
[5.083s] -- Symlinking: /home/felipe/ros2_ws/install/azure_kinect_ros_driver/share/azure_kinect_ros_driver/local_setup.sh
[5.090s] -- Symlinking: /home/felipe/ros2_ws/install/azure_kinect_ros_driver/share/azure_kinect_ros_driver/local_setup.zsh
[5.096s] -- Symlinking: /home/felipe/ros2_ws/install/azure_kinect_ros_driver/share/azure_kinect_ros_driver/local_setup.dsv
[5.103s] -- Symlinking: /home/felipe/ros2_ws/install/azure_kinect_ros_driver/share/azure_kinect_ros_driver/package.dsv
[5.109s] -- Symlinking: /home/felipe/ros2_ws/install/azure_kinect_ros_driver/share/ament_index/resource_index/packages/azure_kinect_ros_driver
[5.115s] -- Symlinking: /home/felipe/ros2_ws/install/azure_kinect_ros_driver/share/azure_kinect_ros_driver/cmake/azure_kinect_ros_driverConfig.cmake
[5.121s] -- Symlinking: /home/felipe/ros2_ws/install/azure_kinect_ros_driver/share/azure_kinect_ros_driver/cmake/azure_kinect_ros_driverConfig-version.cmake
[5.126s] -- Symlinking: /home/felipe/ros2_ws/install/azure_kinect_ros_driver/share/azure_kinect_ros_driver/package.xml
[5.134s] Invoked command in '/home/felipe/ros2_ws/build/azure_kinect_ros_driver' returned '0': CMAKE_PREFIX_PATH=/opt/ros/humble /usr/bin/cmake --install /home/felipe/ros2_ws/build/azure_kinect_ros_driver
