[0.789s] Invoking command in '/home/felipe/ros2_ws/src/obstacle_avoidance': PYTHONPATH=/home/felipe/ros2_ws/build/obstacle_avoidance/prefix_override:/usr/lib/python3/dist-packages/colcon_core/task/python/colcon_distutils_commands:/home/felipe/ros2_ws/install/obstacle_avoidance/lib/python3.10/site-packages:${PYTHONPATH} /usr/bin/python3 -W ignore:setup.py install is deprecated -W ignore:easy_install command is deprecated setup.py egg_info --egg-base ../../build/obstacle_avoidance build --build-base /home/felipe/ros2_ws/build/obstacle_avoidance/build install --record /home/felipe/ros2_ws/build/obstacle_avoidance/install.log --single-version-externally-managed install_data
[1.012s] running egg_info
[1.013s] writing ../../build/obstacle_avoidance/obstacle_avoidance.egg-info/PKG-INFO
[1.013s] writing dependency_links to ../../build/obstacle_avoidance/obstacle_avoidance.egg-info/dependency_links.txt
[1.013s] writing entry points to ../../build/obstacle_avoidance/obstacle_avoidance.egg-info/entry_points.txt
[1.013s] writing requirements to ../../build/obstacle_avoidance/obstacle_avoidance.egg-info/requires.txt
[1.013s] writing top-level names to ../../build/obstacle_avoidance/obstacle_avoidance.egg-info/top_level.txt
[1.017s] reading manifest file '../../build/obstacle_avoidance/obstacle_avoidance.egg-info/SOURCES.txt'
[1.018s] writing manifest file '../../build/obstacle_avoidance/obstacle_avoidance.egg-info/SOURCES.txt'
[1.018s] running build
[1.018s] running build_py
[1.018s] copying obstacle_avoidance/bug1.py -> /home/felipe/ros2_ws/build/obstacle_avoidance/build/lib/obstacle_avoidance
[1.019s] copying obstacle_avoidance/bug2.py -> /home/felipe/ros2_ws/build/obstacle_avoidance/build/lib/obstacle_avoidance
[1.019s] running install
[1.020s] running install_lib
[1.022s] copying /home/felipe/ros2_ws/build/obstacle_avoidance/build/lib/obstacle_avoidance/bug1.py -> /home/felipe/ros2_ws/install/obstacle_avoidance/lib/python3.10/site-packages/obstacle_avoidance
[1.022s] copying /home/felipe/ros2_ws/build/obstacle_avoidance/build/lib/obstacle_avoidance/bug2.py -> /home/felipe/ros2_ws/install/obstacle_avoidance/lib/python3.10/site-packages/obstacle_avoidance
[1.023s] byte-compiling /home/felipe/ros2_ws/install/obstacle_avoidance/lib/python3.10/site-packages/obstacle_avoidance/bug1.py to bug1.cpython-310.pyc
[1.024s] byte-compiling /home/felipe/ros2_ws/install/obstacle_avoidance/lib/python3.10/site-packages/obstacle_avoidance/bug2.py to bug2.cpython-310.pyc
[1.026s] running install_data
[1.026s] running install_egg_info
[1.029s] removing '/home/felipe/ros2_ws/install/obstacle_avoidance/lib/python3.10/site-packages/obstacle_avoidance-0.0.0-py3.10.egg-info' (and everything under it)
[1.029s] Copying ../../build/obstacle_avoidance/obstacle_avoidance.egg-info to /home/felipe/ros2_ws/install/obstacle_avoidance/lib/python3.10/site-packages/obstacle_avoidance-0.0.0-py3.10.egg-info
[1.030s] running install_scripts
[1.058s] Installing avoider_node script to /home/felipe/ros2_ws/install/obstacle_avoidance/lib/obstacle_avoidance
[1.059s] Installing bug0 script to /home/felipe/ros2_ws/install/obstacle_avoidance/lib/obstacle_avoidance
[1.059s] Installing bug1 script to /home/felipe/ros2_ws/install/obstacle_avoidance/lib/obstacle_avoidance
[1.059s] Installing bug2 script to /home/felipe/ros2_ws/install/obstacle_avoidance/lib/obstacle_avoidance
[1.059s] writing list of installed files to '/home/felipe/ros2_ws/build/obstacle_avoidance/install.log'
[1.134s] Invoked command in '/home/felipe/ros2_ws/src/obstacle_avoidance' returned '0': PYTHONPATH=/home/felipe/ros2_ws/build/obstacle_avoidance/prefix_override:/usr/lib/python3/dist-packages/colcon_core/task/python/colcon_distutils_commands:/home/felipe/ros2_ws/install/obstacle_avoidance/lib/python3.10/site-packages:${PYTHONPATH} /usr/bin/python3 -W ignore:setup.py install is deprecated -W ignore:easy_install command is deprecated setup.py egg_info --egg-base ../../build/obstacle_avoidance build --build-base /home/felipe/ros2_ws/build/obstacle_avoidance/build install --record /home/felipe/ros2_ws/build/obstacle_avoidance/install.log --single-version-externally-managed install_data
