[35m[1mConsolidate compiler generated dependencies of target mi_interfaces__rosidl_generator_c[0m
[  3%] Built target mi_interfaces__rs
[  6%] Built target mi_interfaces__cpp
[ 15%] Built target mi_interfaces__rosidl_generator_c
[ 15%] Built target ament_cmake_python_copy_mi_interfaces
[35m[1mConsolidate compiler generated dependencies of target mi_interfaces__rosidl_typesupport_cpp[0m
[35m[1mConsolidate compiler generated dependencies of target mi_interfaces__rosidl_typesupport_fastrtps_cpp[0m
[ 18%] [34m[1mGenerating C introspection for ROS interfaces[0m
[ 21%] [34m[1mGenerating C type support dispatch for ROS interfaces[0m
[ 25%] [34m[1mGenerating C type support for eProsima Fast-RTPS[0m
[35m[1mConsolidate compiler generated dependencies of target mi_interfaces__rosidl_typesupport_introspection_cpp[0m
[ 34%] Built target mi_interfaces__rosidl_typesupport_fastrtps_cpp
[ 43%] Built target mi_interfaces__rosidl_typesupport_cpp
[ 53%] Built target mi_interfaces__rosidl_typesupport_introspection_cpp
running egg_info
writing mi_interfaces.egg-info/PKG-INFO
writing dependency_links to mi_interfaces.egg-info/dependency_links.txt
writing top-level names to mi_interfaces.egg-info/top_level.txt
reading manifest file 'mi_interfaces.egg-info/SOURCES.txt'
writing manifest file 'mi_interfaces.egg-info/SOURCES.txt'
[ 56%] [32mBuilding C object CMakeFiles/mi_interfaces__rosidl_typesupport_introspection_c.dir/rosidl_typesupport_introspection_c/mi_interfaces/srv/detail/saludo__type_support.c.o[0m
[ 59%] [32mBuilding CXX object CMakeFiles/mi_interfaces__rosidl_typesupport_c.dir/rosidl_typesupport_c/mi_interfaces/srv/saludo__type_support.cpp.o[0m
[ 62%] [32m[1mLinking C shared library libmi_interfaces__rosidl_typesupport_introspection_c.so[0m
[ 62%] Built target ament_cmake_python_build_mi_interfaces_egg
[ 65%] [32m[1mLinking CXX shared library libmi_interfaces__rosidl_typesupport_c.so[0m
[ 65%] Built target mi_interfaces__rosidl_typesupport_introspection_c
[ 65%] Built target mi_interfaces__rosidl_typesupport_c
[ 68%] [32mBuilding CXX object CMakeFiles/mi_interfaces__rosidl_typesupport_fastrtps_c.dir/rosidl_typesupport_fastrtps_c/mi_interfaces/srv/detail/saludo__type_support_c.cpp.o[0m
[ 71%] [32m[1mLinking CXX shared library libmi_interfaces__rosidl_typesupport_fastrtps_c.so[0m
[ 71%] Built target mi_interfaces__rosidl_typesupport_fastrtps_c
[ 71%] Built target mi_interfaces
[ 75%] [34m[1mGenerating Python code for ROS interfaces[0m
[ 75%] Built target mi_interfaces__py
[ 78%] [32mBuilding C object CMakeFiles/mi_interfaces__rosidl_generator_py.dir/rosidl_generator_py/mi_interfaces/srv/_saludo_s.c.o[0m
[ 81%] [32m[1mLinking C shared library rosidl_generator_py/mi_interfaces/libmi_interfaces__rosidl_generator_py.so[0m
[ 81%] Built target mi_interfaces__rosidl_generator_py
[ 84%] [32mBuilding C object CMakeFiles/mi_interfaces__rosidl_typesupport_fastrtps_c__pyext.dir/rosidl_generator_py/mi_interfaces/_mi_interfaces_s.ep.rosidl_typesupport_fastrtps_c.c.o[0m
[ 87%] [32mBuilding C object CMakeFiles/mi_interfaces__rosidl_typesupport_c__pyext.dir/rosidl_generator_py/mi_interfaces/_mi_interfaces_s.ep.rosidl_typesupport_c.c.o[0m
[ 90%] [32mBuilding C object CMakeFiles/mi_interfaces__rosidl_typesupport_introspection_c__pyext.dir/rosidl_generator_py/mi_interfaces/_mi_interfaces_s.ep.rosidl_typesupport_introspection_c.c.o[0m
[ 93%] [32m[1mLinking C shared library rosidl_generator_py/mi_interfaces/mi_interfaces_s__rosidl_typesupport_c.cpython-310-x86_64-linux-gnu.so[0m
[ 96%] [32m[1mLinking C shared library rosidl_generator_py/mi_interfaces/mi_interfaces_s__rosidl_typesupport_fastrtps_c.cpython-310-x86_64-linux-gnu.so[0m
[100%] [32m[1mLinking C shared library rosidl_generator_py/mi_interfaces/mi_interfaces_s__rosidl_typesupport_introspection_c.cpython-310-x86_64-linux-gnu.so[0m
[100%] Built target mi_interfaces__rosidl_typesupport_fastrtps_c__pyext
[100%] Built target mi_interfaces__rosidl_typesupport_c__pyext
[100%] Built target mi_interfaces__rosidl_typesupport_introspection_c__pyext
-- Install configuration: ""
-- Installing: /home/felipe/ros2_ws/install/mi_interfaces/share/ament_index/resource_index/rosidl_interfaces/mi_interfaces
-- Installing: /home/felipe/ros2_ws/install/mi_interfaces/include/mi_interfaces/mi_interfaces
-- Installing: /home/felipe/ros2_ws/install/mi_interfaces/include/mi_interfaces/mi_interfaces/msg
-- Installing: /home/felipe/ros2_ws/install/mi_interfaces/include/mi_interfaces/mi_interfaces/msg/rosidl_generator_c__visibility_control.h
-- Installing: /home/felipe/ros2_ws/install/mi_interfaces/include/mi_interfaces/mi_interfaces/srv
-- Installing: /home/felipe/ros2_ws/install/mi_interfaces/include/mi_interfaces/mi_interfaces/srv/detail
-- Installing: /home/felipe/ros2_ws/install/mi_interfaces/include/mi_interfaces/mi_interfaces/srv/detail/saludo__functions.c
-- Installing: /home/felipe/ros2_ws/install/mi_interfaces/include/mi_interfaces/mi_interfaces/srv/detail/saludo__type_support.h
-- Installing: /home/felipe/ros2_ws/install/mi_interfaces/include/mi_interfaces/mi_interfaces/srv/detail/saludo__struct.h
-- Installing: /home/felipe/ros2_ws/install/mi_interfaces/include/mi_interfaces/mi_interfaces/srv/detail/saludo__functions.h
-- Installing: /home/felipe/ros2_ws/install/mi_interfaces/include/mi_interfaces/mi_interfaces/srv/saludo.h
-- Installing: /home/felipe/ros2_ws/install/mi_interfaces/share/mi_interfaces/environment/library_path.sh
-- Installing: /home/felipe/ros2_ws/install/mi_interfaces/share/mi_interfaces/environment/library_path.dsv
-- Installing: /home/felipe/ros2_ws/install/mi_interfaces/lib/libmi_interfaces__rosidl_generator_c.so
-- Set runtime path of "/home/felipe/ros2_ws/install/mi_interfaces/lib/libmi_interfaces__rosidl_generator_c.so" to ""
-- Up-to-date: /home/felipe/ros2_ws/install/mi_interfaces/include/mi_interfaces/mi_interfaces
-- Up-to-date: /home/felipe/ros2_ws/install/mi_interfaces/include/mi_interfaces/mi_interfaces/msg
-- Installing: /home/felipe/ros2_ws/install/mi_interfaces/include/mi_interfaces/mi_interfaces/msg/rosidl_typesupport_fastrtps_c__visibility_control.h
-- Up-to-date: /home/felipe/ros2_ws/install/mi_interfaces/include/mi_interfaces/mi_interfaces/srv
-- Up-to-date: /home/felipe/ros2_ws/install/mi_interfaces/include/mi_interfaces/mi_interfaces/srv/detail
-- Installing: /home/felipe/ros2_ws/install/mi_interfaces/include/mi_interfaces/mi_interfaces/srv/detail/saludo__rosidl_typesupport_fastrtps_c.h
-- Installing: /home/felipe/ros2_ws/install/mi_interfaces/lib/libmi_interfaces__rosidl_typesupport_fastrtps_c.so
-- Set runtime path of "/home/felipe/ros2_ws/install/mi_interfaces/lib/libmi_interfaces__rosidl_typesupport_fastrtps_c.so" to ""
-- Up-to-date: /home/felipe/ros2_ws/install/mi_interfaces/include/mi_interfaces/mi_interfaces
-- Up-to-date: /home/felipe/ros2_ws/install/mi_interfaces/include/mi_interfaces/mi_interfaces/msg
-- Installing: /home/felipe/ros2_ws/install/mi_interfaces/include/mi_interfaces/mi_interfaces/msg/rosidl_typesupport_introspection_c__visibility_control.h
-- Up-to-date: /home/felipe/ros2_ws/install/mi_interfaces/include/mi_interfaces/mi_interfaces/srv
-- Up-to-date: /home/felipe/ros2_ws/install/mi_interfaces/include/mi_interfaces/mi_interfaces/srv/detail
-- Installing: /home/felipe/ros2_ws/install/mi_interfaces/include/mi_interfaces/mi_interfaces/srv/detail/saludo__rosidl_typesupport_introspection_c.h
-- Installing: /home/felipe/ros2_ws/install/mi_interfaces/include/mi_interfaces/mi_interfaces/srv/detail/saludo__type_support.c
-- Installing: /home/felipe/ros2_ws/install/mi_interfaces/lib/libmi_interfaces__rosidl_typesupport_introspection_c.so
-- Set runtime path of "/home/felipe/ros2_ws/install/mi_interfaces/lib/libmi_interfaces__rosidl_typesupport_introspection_c.so" to ""
-- Installing: /home/felipe/ros2_ws/install/mi_interfaces/lib/libmi_interfaces__rosidl_typesupport_c.so
-- Set runtime path of "/home/felipe/ros2_ws/install/mi_interfaces/lib/libmi_interfaces__rosidl_typesupport_c.so" to ""
-- Up-to-date: /home/felipe/ros2_ws/install/mi_interfaces/include/mi_interfaces/mi_interfaces
-- Up-to-date: /home/felipe/ros2_ws/install/mi_interfaces/include/mi_interfaces/mi_interfaces/msg
-- Installing: /home/felipe/ros2_ws/install/mi_interfaces/include/mi_interfaces/mi_interfaces/msg/rosidl_generator_cpp__visibility_control.hpp
-- Up-to-date: /home/felipe/ros2_ws/install/mi_interfaces/include/mi_interfaces/mi_interfaces/srv
-- Up-to-date: /home/felipe/ros2_ws/install/mi_interfaces/include/mi_interfaces/mi_interfaces/srv/detail
-- Installing: /home/felipe/ros2_ws/install/mi_interfaces/include/mi_interfaces/mi_interfaces/srv/detail/saludo__builder.hpp
-- Installing: /home/felipe/ros2_ws/install/mi_interfaces/include/mi_interfaces/mi_interfaces/srv/detail/saludo__struct.hpp
-- Installing: /home/felipe/ros2_ws/install/mi_interfaces/include/mi_interfaces/mi_interfaces/srv/detail/saludo__type_support.hpp
-- Installing: /home/felipe/ros2_ws/install/mi_interfaces/include/mi_interfaces/mi_interfaces/srv/detail/saludo__traits.hpp
-- Installing: /home/felipe/ros2_ws/install/mi_interfaces/include/mi_interfaces/mi_interfaces/srv/saludo.hpp
-- Up-to-date: /home/felipe/ros2_ws/install/mi_interfaces/include/mi_interfaces/mi_interfaces
-- Up-to-date: /home/felipe/ros2_ws/install/mi_interfaces/include/mi_interfaces/mi_interfaces/msg
-- Installing: /home/felipe/ros2_ws/install/mi_interfaces/include/mi_interfaces/mi_interfaces/msg/rosidl_typesupport_fastrtps_cpp__visibility_control.h
-- Up-to-date: /home/felipe/ros2_ws/install/mi_interfaces/include/mi_interfaces/mi_interfaces/srv
-- Up-to-date: /home/felipe/ros2_ws/install/mi_interfaces/include/mi_interfaces/mi_interfaces/srv/detail
-- Installing: /home/felipe/ros2_ws/install/mi_interfaces/include/mi_interfaces/mi_interfaces/srv/detail/saludo__rosidl_typesupport_fastrtps_cpp.hpp
-- Installing: /home/felipe/ros2_ws/install/mi_interfaces/include/mi_interfaces/mi_interfaces/srv/detail/dds_fastrtps
-- Installing: /home/felipe/ros2_ws/install/mi_interfaces/lib/libmi_interfaces__rosidl_typesupport_fastrtps_cpp.so
-- Set runtime path of "/home/felipe/ros2_ws/install/mi_interfaces/lib/libmi_interfaces__rosidl_typesupport_fastrtps_cpp.so" to ""
-- Up-to-date: /home/felipe/ros2_ws/install/mi_interfaces/include/mi_interfaces/mi_interfaces
-- Up-to-date: /home/felipe/ros2_ws/install/mi_interfaces/include/mi_interfaces/mi_interfaces/srv
-- Up-to-date: /home/felipe/ros2_ws/install/mi_interfaces/include/mi_interfaces/mi_interfaces/srv/detail
-- Installing: /home/felipe/ros2_ws/install/mi_interfaces/include/mi_interfaces/mi_interfaces/srv/detail/saludo__rosidl_typesupport_introspection_cpp.hpp
-- Installing: /home/felipe/ros2_ws/install/mi_interfaces/include/mi_interfaces/mi_interfaces/srv/detail/saludo__type_support.cpp
-- Installing: /home/felipe/ros2_ws/install/mi_interfaces/lib/libmi_interfaces__rosidl_typesupport_introspection_cpp.so
-- Set runtime path of "/home/felipe/ros2_ws/install/mi_interfaces/lib/libmi_interfaces__rosidl_typesupport_introspection_cpp.so" to ""
-- Installing: /home/felipe/ros2_ws/install/mi_interfaces/lib/libmi_interfaces__rosidl_typesupport_cpp.so
-- Set runtime path of "/home/felipe/ros2_ws/install/mi_interfaces/lib/libmi_interfaces__rosidl_typesupport_cpp.so" to ""
-- Installing: /home/felipe/ros2_ws/install/mi_interfaces/share/mi_interfaces/environment/pythonpath.sh
-- Installing: /home/felipe/ros2_ws/install/mi_interfaces/share/mi_interfaces/environment/pythonpath.dsv
-- Installing: /home/felipe/ros2_ws/install/mi_interfaces/local/lib/python3.10/dist-packages/mi_interfaces-0.0.0-py3.10.egg-info
-- Installing: /home/felipe/ros2_ws/install/mi_interfaces/local/lib/python3.10/dist-packages/mi_interfaces-0.0.0-py3.10.egg-info/SOURCES.txt
-- Installing: /home/felipe/ros2_ws/install/mi_interfaces/local/lib/python3.10/dist-packages/mi_interfaces-0.0.0-py3.10.egg-info/dependency_links.txt
-- Installing: /home/felipe/ros2_ws/install/mi_interfaces/local/lib/python3.10/dist-packages/mi_interfaces-0.0.0-py3.10.egg-info/top_level.txt
-- Installing: /home/felipe/ros2_ws/install/mi_interfaces/local/lib/python3.10/dist-packages/mi_interfaces-0.0.0-py3.10.egg-info/PKG-INFO
-- Installing: /home/felipe/ros2_ws/install/mi_interfaces/local/lib/python3.10/dist-packages/mi_interfaces
-- Installing: /home/felipe/ros2_ws/install/mi_interfaces/local/lib/python3.10/dist-packages/mi_interfaces/mi_interfaces_s__rosidl_typesupport_introspection_c.cpython-310-x86_64-linux-gnu.so
-- Installing: /home/felipe/ros2_ws/install/mi_interfaces/local/lib/python3.10/dist-packages/mi_interfaces/srv
-- Installing: /home/felipe/ros2_ws/install/mi_interfaces/local/lib/python3.10/dist-packages/mi_interfaces/srv/__init__.py
-- Installing: /home/felipe/ros2_ws/install/mi_interfaces/local/lib/python3.10/dist-packages/mi_interfaces/srv/_saludo.py
-- Installing: /home/felipe/ros2_ws/install/mi_interfaces/local/lib/python3.10/dist-packages/mi_interfaces/srv/_saludo_s.c
-- Installing: /home/felipe/ros2_ws/install/mi_interfaces/local/lib/python3.10/dist-packages/mi_interfaces/_mi_interfaces_s.ep.rosidl_typesupport_c.c
-- Installing: /home/felipe/ros2_ws/install/mi_interfaces/local/lib/python3.10/dist-packages/mi_interfaces/__init__.py
-- Installing: /home/felipe/ros2_ws/install/mi_interfaces/local/lib/python3.10/dist-packages/mi_interfaces/_mi_interfaces_s.ep.rosidl_typesupport_fastrtps_c.c
-- Installing: /home/felipe/ros2_ws/install/mi_interfaces/local/lib/python3.10/dist-packages/mi_interfaces/libmi_interfaces__rosidl_generator_py.so
-- Installing: /home/felipe/ros2_ws/install/mi_interfaces/local/lib/python3.10/dist-packages/mi_interfaces/_mi_interfaces_s.ep.rosidl_typesupport_introspection_c.c
-- Installing: /home/felipe/ros2_ws/install/mi_interfaces/local/lib/python3.10/dist-packages/mi_interfaces/mi_interfaces_s__rosidl_typesupport_c.cpython-310-x86_64-linux-gnu.so
-- Installing: /home/felipe/ros2_ws/install/mi_interfaces/local/lib/python3.10/dist-packages/mi_interfaces/mi_interfaces_s__rosidl_typesupport_fastrtps_c.cpython-310-x86_64-linux-gnu.so
Listing '/home/felipe/ros2_ws/install/mi_interfaces/local/lib/python3.10/dist-packages/mi_interfaces'...
Compiling '/home/felipe/ros2_ws/install/mi_interfaces/local/lib/python3.10/dist-packages/mi_interfaces/__init__.py'...
Listing '/home/felipe/ros2_ws/install/mi_interfaces/local/lib/python3.10/dist-packages/mi_interfaces/srv'...
Compiling '/home/felipe/ros2_ws/install/mi_interfaces/local/lib/python3.10/dist-packages/mi_interfaces/srv/__init__.py'...
Compiling '/home/felipe/ros2_ws/install/mi_interfaces/local/lib/python3.10/dist-packages/mi_interfaces/srv/_saludo.py'...
-- Installing: /home/felipe/ros2_ws/install/mi_interfaces/local/lib/python3.10/dist-packages/mi_interfaces/mi_interfaces_s__rosidl_typesupport_fastrtps_c.cpython-310-x86_64-linux-gnu.so
-- Set runtime path of "/home/felipe/ros2_ws/install/mi_interfaces/local/lib/python3.10/dist-packages/mi_interfaces/mi_interfaces_s__rosidl_typesupport_fastrtps_c.cpython-310-x86_64-linux-gnu.so" to ""
-- Installing: /home/felipe/ros2_ws/install/mi_interfaces/local/lib/python3.10/dist-packages/mi_interfaces/mi_interfaces_s__rosidl_typesupport_introspection_c.cpython-310-x86_64-linux-gnu.so
-- Set runtime path of "/home/felipe/ros2_ws/install/mi_interfaces/local/lib/python3.10/dist-packages/mi_interfaces/mi_interfaces_s__rosidl_typesupport_introspection_c.cpython-310-x86_64-linux-gnu.so" to ""
-- Installing: /home/felipe/ros2_ws/install/mi_interfaces/local/lib/python3.10/dist-packages/mi_interfaces/mi_interfaces_s__rosidl_typesupport_c.cpython-310-x86_64-linux-gnu.so
-- Set runtime path of "/home/felipe/ros2_ws/install/mi_interfaces/local/lib/python3.10/dist-packages/mi_interfaces/mi_interfaces_s__rosidl_typesupport_c.cpython-310-x86_64-linux-gnu.so" to ""
-- Installing: /home/felipe/ros2_ws/install/mi_interfaces/lib/libmi_interfaces__rosidl_generator_py.so
-- Set runtime path of "/home/felipe/ros2_ws/install/mi_interfaces/lib/libmi_interfaces__rosidl_generator_py.so" to ""
-- Installing: /home/felipe/ros2_ws/install/mi_interfaces/share/ament_index/resource_index/rust_packages/mi_interfaces
-- Installing: /home/felipe/ros2_ws/install/mi_interfaces/share/mi_interfaces/rust
-- Installing: /home/felipe/ros2_ws/install/mi_interfaces/share/mi_interfaces/rust/Cargo.toml
-- Installing: /home/felipe/ros2_ws/install/mi_interfaces/share/mi_interfaces/rust/build.rs
-- Installing: /home/felipe/ros2_ws/install/mi_interfaces/share/mi_interfaces/rust/src
-- Installing: /home/felipe/ros2_ws/install/mi_interfaces/share/mi_interfaces/rust/src/srv
-- Installing: /home/felipe/ros2_ws/install/mi_interfaces/share/mi_interfaces/rust/src/srv/rmw.rs
-- Installing: /home/felipe/ros2_ws/install/mi_interfaces/share/mi_interfaces/rust/src/srv.rs
-- Installing: /home/felipe/ros2_ws/install/mi_interfaces/share/mi_interfaces/rust/src/lib.rs
-- Installing: /home/felipe/ros2_ws/install/mi_interfaces/share/mi_interfaces/srv/Saludo.idl
-- Installing: /home/felipe/ros2_ws/install/mi_interfaces/share/mi_interfaces/srv/Saludo.srv
-- Installing: /home/felipe/ros2_ws/install/mi_interfaces/share/mi_interfaces/srv/Saludo_Request.msg
-- Installing: /home/felipe/ros2_ws/install/mi_interfaces/share/mi_interfaces/srv/Saludo_Response.msg
-- Installing: /home/felipe/ros2_ws/install/mi_interfaces/share/ament_index/resource_index/package_run_dependencies/mi_interfaces
-- Installing: /home/felipe/ros2_ws/install/mi_interfaces/share/ament_index/resource_index/parent_prefix_path/mi_interfaces
-- Installing: /home/felipe/ros2_ws/install/mi_interfaces/share/mi_interfaces/environment/ament_prefix_path.sh
-- Installing: /home/felipe/ros2_ws/install/mi_interfaces/share/mi_interfaces/environment/ament_prefix_path.dsv
-- Installing: /home/felipe/ros2_ws/install/mi_interfaces/share/mi_interfaces/environment/path.sh
-- Installing: /home/felipe/ros2_ws/install/mi_interfaces/share/mi_interfaces/environment/path.dsv
-- Installing: /home/felipe/ros2_ws/install/mi_interfaces/share/mi_interfaces/local_setup.bash
-- Installing: /home/felipe/ros2_ws/install/mi_interfaces/share/mi_interfaces/local_setup.sh
-- Installing: /home/felipe/ros2_ws/install/mi_interfaces/share/mi_interfaces/local_setup.zsh
-- Installing: /home/felipe/ros2_ws/install/mi_interfaces/share/mi_interfaces/local_setup.dsv
-- Installing: /home/felipe/ros2_ws/install/mi_interfaces/share/mi_interfaces/package.dsv
-- Installing: /home/felipe/ros2_ws/install/mi_interfaces/share/ament_index/resource_index/packages/mi_interfaces
-- Installing: /home/felipe/ros2_ws/install/mi_interfaces/share/mi_interfaces/cmake/export_mi_interfaces__rosidl_generator_cExport.cmake
-- Installing: /home/felipe/ros2_ws/install/mi_interfaces/share/mi_interfaces/cmake/export_mi_interfaces__rosidl_generator_cExport-noconfig.cmake
-- Installing: /home/felipe/ros2_ws/install/mi_interfaces/share/mi_interfaces/cmake/export_mi_interfaces__rosidl_typesupport_fastrtps_cExport.cmake
-- Installing: /home/felipe/ros2_ws/install/mi_interfaces/share/mi_interfaces/cmake/export_mi_interfaces__rosidl_typesupport_fastrtps_cExport-noconfig.cmake
-- Installing: /home/felipe/ros2_ws/install/mi_interfaces/share/mi_interfaces/cmake/mi_interfaces__rosidl_typesupport_introspection_cExport.cmake
-- Installing: /home/felipe/ros2_ws/install/mi_interfaces/share/mi_interfaces/cmake/mi_interfaces__rosidl_typesupport_introspection_cExport-noconfig.cmake
-- Installing: /home/felipe/ros2_ws/install/mi_interfaces/share/mi_interfaces/cmake/mi_interfaces__rosidl_typesupport_cExport.cmake
-- Installing: /home/felipe/ros2_ws/install/mi_interfaces/share/mi_interfaces/cmake/mi_interfaces__rosidl_typesupport_cExport-noconfig.cmake
-- Installing: /home/felipe/ros2_ws/install/mi_interfaces/share/mi_interfaces/cmake/export_mi_interfaces__rosidl_generator_cppExport.cmake
-- Installing: /home/felipe/ros2_ws/install/mi_interfaces/share/mi_interfaces/cmake/export_mi_interfaces__rosidl_typesupport_fastrtps_cppExport.cmake
-- Installing: /home/felipe/ros2_ws/install/mi_interfaces/share/mi_interfaces/cmake/export_mi_interfaces__rosidl_typesupport_fastrtps_cppExport-noconfig.cmake
-- Installing: /home/felipe/ros2_ws/install/mi_interfaces/share/mi_interfaces/cmake/mi_interfaces__rosidl_typesupport_introspection_cppExport.cmake
-- Installing: /home/felipe/ros2_ws/install/mi_interfaces/share/mi_interfaces/cmake/mi_interfaces__rosidl_typesupport_introspection_cppExport-noconfig.cmake
-- Installing: /home/felipe/ros2_ws/install/mi_interfaces/share/mi_interfaces/cmake/mi_interfaces__rosidl_typesupport_cppExport.cmake
-- Installing: /home/felipe/ros2_ws/install/mi_interfaces/share/mi_interfaces/cmake/mi_interfaces__rosidl_typesupport_cppExport-noconfig.cmake
-- Installing: /home/felipe/ros2_ws/install/mi_interfaces/share/mi_interfaces/cmake/export_mi_interfaces__rosidl_generator_pyExport.cmake
-- Installing: /home/felipe/ros2_ws/install/mi_interfaces/share/mi_interfaces/cmake/export_mi_interfaces__rosidl_generator_pyExport-noconfig.cmake
-- Installing: /home/felipe/ros2_ws/install/mi_interfaces/share/mi_interfaces/cmake/rosidl_cmake-extras.cmake
-- Installing: /home/felipe/ros2_ws/install/mi_interfaces/share/mi_interfaces/cmake/ament_cmake_export_include_directories-extras.cmake
-- Installing: /home/felipe/ros2_ws/install/mi_interfaces/share/mi_interfaces/cmake/ament_cmake_export_libraries-extras.cmake
-- Installing: /home/felipe/ros2_ws/install/mi_interfaces/share/mi_interfaces/cmake/ament_cmake_export_targets-extras.cmake
-- Installing: /home/felipe/ros2_ws/install/mi_interfaces/share/mi_interfaces/cmake/rosidl_cmake_export_typesupport_targets-extras.cmake
-- Installing: /home/felipe/ros2_ws/install/mi_interfaces/share/mi_interfaces/cmake/ament_cmake_export_dependencies-extras.cmake
-- Installing: /home/felipe/ros2_ws/install/mi_interfaces/share/mi_interfaces/cmake/rosidl_cmake_export_typesupport_libraries-extras.cmake
-- Installing: /home/felipe/ros2_ws/install/mi_interfaces/share/mi_interfaces/cmake/mi_interfacesConfig.cmake
-- Installing: /home/felipe/ros2_ws/install/mi_interfaces/share/mi_interfaces/cmake/mi_interfacesConfig-version.cmake
-- Installing: /home/felipe/ros2_ws/install/mi_interfaces/share/mi_interfaces/package.xml
