[0.016s] Invoking command in '/home/felipe/ros2_ws/build/mi_interfaces': CMAKE_PREFIX_PATH=${CMAKE_PREFIX_PATH}:/home/felipe/ros2_ws/install/puzzle_sim:/opt/ros/humble /usr/bin/cmake --build /home/felipe/ros2_ws/build/mi_interfaces -- -j12 -l12
[0.097s] [35m[1mConsolidate compiler generated dependencies of target mi_interfaces__rosidl_generator_c[0m
[0.108s] [  3%] Built target mi_interfaces__rs
[0.111s] [  6%] Built target mi_interfaces__cpp
[0.115s] [ 15%] Built target mi_interfaces__rosidl_generator_c
[0.127s] [ 15%] Built target ament_cmake_python_copy_mi_interfaces
[0.129s] [35m[1mConsolidate compiler generated dependencies of target mi_interfaces__rosidl_typesupport_cpp[0m
[0.133s] [35m[1mConsolidate compiler generated dependencies of target mi_interfaces__rosidl_typesupport_fastrtps_cpp[0m
[0.135s] [ 18%] [34m[1mGenerating C introspection for ROS interfaces[0m
[0.135s] [ 21%] [34m[1mGenerating C type support dispatch for ROS interfaces[0m
[0.137s] [ 25%] [34m[1mGenerating C type support for eProsima Fast-RTPS[0m
[0.137s] [35m[1mConsolidate compiler generated dependencies of target mi_interfaces__rosidl_typesupport_introspection_cpp[0m
[0.159s] [ 34%] Built target mi_interfaces__rosidl_typesupport_fastrtps_cpp
[0.159s] [ 43%] Built target mi_interfaces__rosidl_typesupport_cpp
[0.162s] [ 53%] Built target mi_interfaces__rosidl_typesupport_introspection_cpp
[0.546s] running egg_info
[0.547s] writing mi_interfaces.egg-info/PKG-INFO
[0.547s] writing dependency_links to mi_interfaces.egg-info/dependency_links.txt
[0.548s] writing top-level names to mi_interfaces.egg-info/top_level.txt
[0.554s] reading manifest file 'mi_interfaces.egg-info/SOURCES.txt'
[0.555s] writing manifest file 'mi_interfaces.egg-info/SOURCES.txt'
[0.557s] [ 56%] [32mBuilding C object CMakeFiles/mi_interfaces__rosidl_typesupport_introspection_c.dir/rosidl_typesupport_introspection_c/mi_interfaces/srv/detail/saludo__type_support.c.o[0m
[0.590s] [ 59%] [32mBuilding CXX object CMakeFiles/mi_interfaces__rosidl_typesupport_c.dir/rosidl_typesupport_c/mi_interfaces/srv/saludo__type_support.cpp.o[0m
[0.616s] [ 62%] [32m[1mLinking C shared library libmi_interfaces__rosidl_typesupport_introspection_c.so[0m
[0.628s] [ 62%] Built target ament_cmake_python_build_mi_interfaces_egg
[0.645s] [ 65%] [32m[1mLinking CXX shared library libmi_interfaces__rosidl_typesupport_c.so[0m
[0.665s] [ 65%] Built target mi_interfaces__rosidl_typesupport_introspection_c
[0.685s] [ 65%] Built target mi_interfaces__rosidl_typesupport_c
[0.713s] [ 68%] [32mBuilding CXX object CMakeFiles/mi_interfaces__rosidl_typesupport_fastrtps_c.dir/rosidl_typesupport_fastrtps_c/mi_interfaces/srv/detail/saludo__type_support_c.cpp.o[0m
[0.948s] [ 71%] [32m[1mLinking CXX shared library libmi_interfaces__rosidl_typesupport_fastrtps_c.so[0m
[1.071s] [ 71%] Built target mi_interfaces__rosidl_typesupport_fastrtps_c
[1.110s] [ 71%] Built target mi_interfaces
[1.146s] [ 75%] [34m[1mGenerating Python code for ROS interfaces[0m
[1.590s] [ 75%] Built target mi_interfaces__py
[1.620s] [ 78%] [32mBuilding C object CMakeFiles/mi_interfaces__rosidl_generator_py.dir/rosidl_generator_py/mi_interfaces/srv/_saludo_s.c.o[0m
[1.740s] [ 81%] [32m[1mLinking C shared library rosidl_generator_py/mi_interfaces/libmi_interfaces__rosidl_generator_py.so[0m
[1.771s] [ 81%] Built target mi_interfaces__rosidl_generator_py
[1.790s] [ 84%] [32mBuilding C object CMakeFiles/mi_interfaces__rosidl_typesupport_fastrtps_c__pyext.dir/rosidl_generator_py/mi_interfaces/_mi_interfaces_s.ep.rosidl_typesupport_fastrtps_c.c.o[0m
[1.790s] [ 87%] [32mBuilding C object CMakeFiles/mi_interfaces__rosidl_typesupport_c__pyext.dir/rosidl_generator_py/mi_interfaces/_mi_interfaces_s.ep.rosidl_typesupport_c.c.o[0m
[1.791s] [ 90%] [32mBuilding C object CMakeFiles/mi_interfaces__rosidl_typesupport_introspection_c__pyext.dir/rosidl_generator_py/mi_interfaces/_mi_interfaces_s.ep.rosidl_typesupport_introspection_c.c.o[0m
[1.871s] [ 93%] [32m[1mLinking C shared library rosidl_generator_py/mi_interfaces/mi_interfaces_s__rosidl_typesupport_c.cpython-310-x86_64-linux-gnu.so[0m
[1.873s] [ 96%] [32m[1mLinking C shared library rosidl_generator_py/mi_interfaces/mi_interfaces_s__rosidl_typesupport_fastrtps_c.cpython-310-x86_64-linux-gnu.so[0m
[1.874s] [100%] [32m[1mLinking C shared library rosidl_generator_py/mi_interfaces/mi_interfaces_s__rosidl_typesupport_introspection_c.cpython-310-x86_64-linux-gnu.so[0m
[1.910s] [100%] Built target mi_interfaces__rosidl_typesupport_fastrtps_c__pyext
[1.911s] [100%] Built target mi_interfaces__rosidl_typesupport_c__pyext
[1.926s] [100%] Built target mi_interfaces__rosidl_typesupport_introspection_c__pyext
[1.947s] Invoked command in '/home/felipe/ros2_ws/build/mi_interfaces' returned '0': CMAKE_PREFIX_PATH=${CMAKE_PREFIX_PATH}:/home/felipe/ros2_ws/install/puzzle_sim:/opt/ros/humble /usr/bin/cmake --build /home/felipe/ros2_ws/build/mi_interfaces -- -j12 -l12
[1.967s] Invoking command in '/home/felipe/ros2_ws/build/mi_interfaces': CMAKE_PREFIX_PATH=${CMAKE_PREFIX_PATH}:/home/felipe/ros2_ws/install/puzzle_sim:/opt/ros/humble /usr/bin/cmake --install /home/felipe/ros2_ws/build/mi_interfaces
[1.980s] -- Install configuration: ""
[1.980s] -- Installing: /home/felipe/ros2_ws/install/mi_interfaces/share/ament_index/resource_index/rosidl_interfaces/mi_interfaces
[1.980s] -- Installing: /home/felipe/ros2_ws/install/mi_interfaces/include/mi_interfaces/mi_interfaces
[1.981s] -- Installing: /home/felipe/ros2_ws/install/mi_interfaces/include/mi_interfaces/mi_interfaces/msg
[1.981s] -- Installing: /home/felipe/ros2_ws/install/mi_interfaces/include/mi_interfaces/mi_interfaces/msg/rosidl_generator_c__visibility_control.h
[1.981s] -- Installing: /home/felipe/ros2_ws/install/mi_interfaces/include/mi_interfaces/mi_interfaces/srv
[1.981s] -- Installing: /home/felipe/ros2_ws/install/mi_interfaces/include/mi_interfaces/mi_interfaces/srv/detail
[1.981s] -- Installing: /home/felipe/ros2_ws/install/mi_interfaces/include/mi_interfaces/mi_interfaces/srv/detail/saludo__functions.c
[1.981s] -- Installing: /home/felipe/ros2_ws/install/mi_interfaces/include/mi_interfaces/mi_interfaces/srv/detail/saludo__type_support.h
[1.981s] -- Installing: /home/felipe/ros2_ws/install/mi_interfaces/include/mi_interfaces/mi_interfaces/srv/detail/saludo__struct.h
[1.981s] -- Installing: /home/felipe/ros2_ws/install/mi_interfaces/include/mi_interfaces/mi_interfaces/srv/detail/saludo__functions.h
[1.981s] -- Installing: /home/felipe/ros2_ws/install/mi_interfaces/include/mi_interfaces/mi_interfaces/srv/saludo.h
[1.981s] -- Installing: /home/felipe/ros2_ws/install/mi_interfaces/share/mi_interfaces/environment/library_path.sh
[1.981s] -- Installing: /home/felipe/ros2_ws/install/mi_interfaces/share/mi_interfaces/environment/library_path.dsv
[1.981s] -- Installing: /home/felipe/ros2_ws/install/mi_interfaces/lib/libmi_interfaces__rosidl_generator_c.so
[1.982s] -- Set runtime path of "/home/felipe/ros2_ws/install/mi_interfaces/lib/libmi_interfaces__rosidl_generator_c.so" to ""
[1.982s] -- Up-to-date: /home/felipe/ros2_ws/install/mi_interfaces/include/mi_interfaces/mi_interfaces
[1.982s] -- Up-to-date: /home/felipe/ros2_ws/install/mi_interfaces/include/mi_interfaces/mi_interfaces/msg
[1.982s] -- Installing: /home/felipe/ros2_ws/install/mi_interfaces/include/mi_interfaces/mi_interfaces/msg/rosidl_typesupport_fastrtps_c__visibility_control.h
[1.982s] -- Up-to-date: /home/felipe/ros2_ws/install/mi_interfaces/include/mi_interfaces/mi_interfaces/srv
[1.982s] -- Up-to-date: /home/felipe/ros2_ws/install/mi_interfaces/include/mi_interfaces/mi_interfaces/srv/detail
[1.982s] -- Installing: /home/felipe/ros2_ws/install/mi_interfaces/include/mi_interfaces/mi_interfaces/srv/detail/saludo__rosidl_typesupport_fastrtps_c.h
[1.982s] -- Installing: /home/felipe/ros2_ws/install/mi_interfaces/lib/libmi_interfaces__rosidl_typesupport_fastrtps_c.so
[1.982s] -- Set runtime path of "/home/felipe/ros2_ws/install/mi_interfaces/lib/libmi_interfaces__rosidl_typesupport_fastrtps_c.so" to ""
[1.982s] -- Up-to-date: /home/felipe/ros2_ws/install/mi_interfaces/include/mi_interfaces/mi_interfaces
[1.983s] -- Up-to-date: /home/felipe/ros2_ws/install/mi_interfaces/include/mi_interfaces/mi_interfaces/msg
[1.983s] -- Installing: /home/felipe/ros2_ws/install/mi_interfaces/include/mi_interfaces/mi_interfaces/msg/rosidl_typesupport_introspection_c__visibility_control.h
[1.983s] -- Up-to-date: /home/felipe/ros2_ws/install/mi_interfaces/include/mi_interfaces/mi_interfaces/srv
[1.983s] -- Up-to-date: /home/felipe/ros2_ws/install/mi_interfaces/include/mi_interfaces/mi_interfaces/srv/detail
[1.983s] -- Installing: /home/felipe/ros2_ws/install/mi_interfaces/include/mi_interfaces/mi_interfaces/srv/detail/saludo__rosidl_typesupport_introspection_c.h
[1.983s] -- Installing: /home/felipe/ros2_ws/install/mi_interfaces/include/mi_interfaces/mi_interfaces/srv/detail/saludo__type_support.c
[1.983s] -- Installing: /home/felipe/ros2_ws/install/mi_interfaces/lib/libmi_interfaces__rosidl_typesupport_introspection_c.so
[1.984s] -- Set runtime path of "/home/felipe/ros2_ws/install/mi_interfaces/lib/libmi_interfaces__rosidl_typesupport_introspection_c.so" to ""
[1.984s] -- Installing: /home/felipe/ros2_ws/install/mi_interfaces/lib/libmi_interfaces__rosidl_typesupport_c.so
[1.984s] -- Set runtime path of "/home/felipe/ros2_ws/install/mi_interfaces/lib/libmi_interfaces__rosidl_typesupport_c.so" to ""
[1.984s] -- Up-to-date: /home/felipe/ros2_ws/install/mi_interfaces/include/mi_interfaces/mi_interfaces
[1.984s] -- Up-to-date: /home/felipe/ros2_ws/install/mi_interfaces/include/mi_interfaces/mi_interfaces/msg
[1.984s] -- Installing: /home/felipe/ros2_ws/install/mi_interfaces/include/mi_interfaces/mi_interfaces/msg/rosidl_generator_cpp__visibility_control.hpp
[1.984s] -- Up-to-date: /home/felipe/ros2_ws/install/mi_interfaces/include/mi_interfaces/mi_interfaces/srv
[1.984s] -- Up-to-date: /home/felipe/ros2_ws/install/mi_interfaces/include/mi_interfaces/mi_interfaces/srv/detail
[1.984s] -- Installing: /home/felipe/ros2_ws/install/mi_interfaces/include/mi_interfaces/mi_interfaces/srv/detail/saludo__builder.hpp
[1.984s] -- Installing: /home/felipe/ros2_ws/install/mi_interfaces/include/mi_interfaces/mi_interfaces/srv/detail/saludo__struct.hpp
[1.984s] -- Installing: /home/felipe/ros2_ws/install/mi_interfaces/include/mi_interfaces/mi_interfaces/srv/detail/saludo__type_support.hpp
[1.985s] -- Installing: /home/felipe/ros2_ws/install/mi_interfaces/include/mi_interfaces/mi_interfaces/srv/detail/saludo__traits.hpp
[1.985s] -- Installing: /home/felipe/ros2_ws/install/mi_interfaces/include/mi_interfaces/mi_interfaces/srv/saludo.hpp
[1.985s] -- Up-to-date: /home/felipe/ros2_ws/install/mi_interfaces/include/mi_interfaces/mi_interfaces
[1.985s] -- Up-to-date: /home/felipe/ros2_ws/install/mi_interfaces/include/mi_interfaces/mi_interfaces/msg
[1.985s] -- Installing: /home/felipe/ros2_ws/install/mi_interfaces/include/mi_interfaces/mi_interfaces/msg/rosidl_typesupport_fastrtps_cpp__visibility_control.h
[1.985s] -- Up-to-date: /home/felipe/ros2_ws/install/mi_interfaces/include/mi_interfaces/mi_interfaces/srv
[1.985s] -- Up-to-date: /home/felipe/ros2_ws/install/mi_interfaces/include/mi_interfaces/mi_interfaces/srv/detail
[1.985s] -- Installing: /home/felipe/ros2_ws/install/mi_interfaces/include/mi_interfaces/mi_interfaces/srv/detail/saludo__rosidl_typesupport_fastrtps_cpp.hpp
[1.985s] -- Installing: /home/felipe/ros2_ws/install/mi_interfaces/include/mi_interfaces/mi_interfaces/srv/detail/dds_fastrtps
[1.985s] -- Installing: /home/felipe/ros2_ws/install/mi_interfaces/lib/libmi_interfaces__rosidl_typesupport_fastrtps_cpp.so
[1.985s] -- Set runtime path of "/home/felipe/ros2_ws/install/mi_interfaces/lib/libmi_interfaces__rosidl_typesupport_fastrtps_cpp.so" to ""
[1.985s] -- Up-to-date: /home/felipe/ros2_ws/install/mi_interfaces/include/mi_interfaces/mi_interfaces
[1.985s] -- Up-to-date: /home/felipe/ros2_ws/install/mi_interfaces/include/mi_interfaces/mi_interfaces/srv
[1.986s] -- Up-to-date: /home/felipe/ros2_ws/install/mi_interfaces/include/mi_interfaces/mi_interfaces/srv/detail
[1.986s] -- Installing: /home/felipe/ros2_ws/install/mi_interfaces/include/mi_interfaces/mi_interfaces/srv/detail/saludo__rosidl_typesupport_introspection_cpp.hpp
[1.986s] -- Installing: /home/felipe/ros2_ws/install/mi_interfaces/include/mi_interfaces/mi_interfaces/srv/detail/saludo__type_support.cpp
[1.986s] -- Installing: /home/felipe/ros2_ws/install/mi_interfaces/lib/libmi_interfaces__rosidl_typesupport_introspection_cpp.so
[1.986s] -- Set runtime path of "/home/felipe/ros2_ws/install/mi_interfaces/lib/libmi_interfaces__rosidl_typesupport_introspection_cpp.so" to ""
[1.986s] -- Installing: /home/felipe/ros2_ws/install/mi_interfaces/lib/libmi_interfaces__rosidl_typesupport_cpp.so
[1.986s] -- Set runtime path of "/home/felipe/ros2_ws/install/mi_interfaces/lib/libmi_interfaces__rosidl_typesupport_cpp.so" to ""
[1.986s] -- Installing: /home/felipe/ros2_ws/install/mi_interfaces/share/mi_interfaces/environment/pythonpath.sh
[1.986s] -- Installing: /home/felipe/ros2_ws/install/mi_interfaces/share/mi_interfaces/environment/pythonpath.dsv
[1.986s] -- Installing: /home/felipe/ros2_ws/install/mi_interfaces/local/lib/python3.10/dist-packages/mi_interfaces-0.0.0-py3.10.egg-info
[1.986s] -- Installing: /home/felipe/ros2_ws/install/mi_interfaces/local/lib/python3.10/dist-packages/mi_interfaces-0.0.0-py3.10.egg-info/SOURCES.txt
[1.986s] -- Installing: /home/felipe/ros2_ws/install/mi_interfaces/local/lib/python3.10/dist-packages/mi_interfaces-0.0.0-py3.10.egg-info/dependency_links.txt
[1.987s] -- Installing: /home/felipe/ros2_ws/install/mi_interfaces/local/lib/python3.10/dist-packages/mi_interfaces-0.0.0-py3.10.egg-info/top_level.txt
[1.987s] -- Installing: /home/felipe/ros2_ws/install/mi_interfaces/local/lib/python3.10/dist-packages/mi_interfaces-0.0.0-py3.10.egg-info/PKG-INFO
[1.987s] -- Installing: /home/felipe/ros2_ws/install/mi_interfaces/local/lib/python3.10/dist-packages/mi_interfaces
[1.987s] -- Installing: /home/felipe/ros2_ws/install/mi_interfaces/local/lib/python3.10/dist-packages/mi_interfaces/mi_interfaces_s__rosidl_typesupport_introspection_c.cpython-310-x86_64-linux-gnu.so
[1.987s] -- Installing: /home/felipe/ros2_ws/install/mi_interfaces/local/lib/python3.10/dist-packages/mi_interfaces/srv
[1.987s] -- Installing: /home/felipe/ros2_ws/install/mi_interfaces/local/lib/python3.10/dist-packages/mi_interfaces/srv/__init__.py
[1.987s] -- Installing: /home/felipe/ros2_ws/install/mi_interfaces/local/lib/python3.10/dist-packages/mi_interfaces/srv/_saludo.py
[1.987s] -- Installing: /home/felipe/ros2_ws/install/mi_interfaces/local/lib/python3.10/dist-packages/mi_interfaces/srv/_saludo_s.c
[1.987s] -- Installing: /home/felipe/ros2_ws/install/mi_interfaces/local/lib/python3.10/dist-packages/mi_interfaces/_mi_interfaces_s.ep.rosidl_typesupport_c.c
[1.987s] -- Installing: /home/felipe/ros2_ws/install/mi_interfaces/local/lib/python3.10/dist-packages/mi_interfaces/__init__.py
[1.987s] -- Installing: /home/felipe/ros2_ws/install/mi_interfaces/local/lib/python3.10/dist-packages/mi_interfaces/_mi_interfaces_s.ep.rosidl_typesupport_fastrtps_c.c
[1.987s] -- Installing: /home/felipe/ros2_ws/install/mi_interfaces/local/lib/python3.10/dist-packages/mi_interfaces/libmi_interfaces__rosidl_generator_py.so
[1.988s] -- Installing: /home/felipe/ros2_ws/install/mi_interfaces/local/lib/python3.10/dist-packages/mi_interfaces/_mi_interfaces_s.ep.rosidl_typesupport_introspection_c.c
[1.988s] -- Installing: /home/felipe/ros2_ws/install/mi_interfaces/local/lib/python3.10/dist-packages/mi_interfaces/mi_interfaces_s__rosidl_typesupport_c.cpython-310-x86_64-linux-gnu.so
[1.988s] -- Installing: /home/felipe/ros2_ws/install/mi_interfaces/local/lib/python3.10/dist-packages/mi_interfaces/mi_interfaces_s__rosidl_typesupport_fastrtps_c.cpython-310-x86_64-linux-gnu.so
[2.045s] Listing '/home/felipe/ros2_ws/install/mi_interfaces/local/lib/python3.10/dist-packages/mi_interfaces'...
[2.045s] Compiling '/home/felipe/ros2_ws/install/mi_interfaces/local/lib/python3.10/dist-packages/mi_interfaces/__init__.py'...
[2.045s] Listing '/home/felipe/ros2_ws/install/mi_interfaces/local/lib/python3.10/dist-packages/mi_interfaces/srv'...
[2.045s] Compiling '/home/felipe/ros2_ws/install/mi_interfaces/local/lib/python3.10/dist-packages/mi_interfaces/srv/__init__.py'...
[2.045s] Compiling '/home/felipe/ros2_ws/install/mi_interfaces/local/lib/python3.10/dist-packages/mi_interfaces/srv/_saludo.py'...
[2.052s] -- Installing: /home/felipe/ros2_ws/install/mi_interfaces/local/lib/python3.10/dist-packages/mi_interfaces/mi_interfaces_s__rosidl_typesupport_fastrtps_c.cpython-310-x86_64-linux-gnu.so
[2.053s] -- Set runtime path of "/home/felipe/ros2_ws/install/mi_interfaces/local/lib/python3.10/dist-packages/mi_interfaces/mi_interfaces_s__rosidl_typesupport_fastrtps_c.cpython-310-x86_64-linux-gnu.so" to ""
[2.053s] -- Installing: /home/felipe/ros2_ws/install/mi_interfaces/local/lib/python3.10/dist-packages/mi_interfaces/mi_interfaces_s__rosidl_typesupport_introspection_c.cpython-310-x86_64-linux-gnu.so
[2.053s] -- Set runtime path of "/home/felipe/ros2_ws/install/mi_interfaces/local/lib/python3.10/dist-packages/mi_interfaces/mi_interfaces_s__rosidl_typesupport_introspection_c.cpython-310-x86_64-linux-gnu.so" to ""
[2.053s] -- Installing: /home/felipe/ros2_ws/install/mi_interfaces/local/lib/python3.10/dist-packages/mi_interfaces/mi_interfaces_s__rosidl_typesupport_c.cpython-310-x86_64-linux-gnu.so
[2.054s] -- Set runtime path of "/home/felipe/ros2_ws/install/mi_interfaces/local/lib/python3.10/dist-packages/mi_interfaces/mi_interfaces_s__rosidl_typesupport_c.cpython-310-x86_64-linux-gnu.so" to ""
[2.054s] -- Installing: /home/felipe/ros2_ws/install/mi_interfaces/lib/libmi_interfaces__rosidl_generator_py.so
[2.054s] -- Set runtime path of "/home/felipe/ros2_ws/install/mi_interfaces/lib/libmi_interfaces__rosidl_generator_py.so" to ""
[2.054s] -- Installing: /home/felipe/ros2_ws/install/mi_interfaces/share/ament_index/resource_index/rust_packages/mi_interfaces
[2.054s] -- Installing: /home/felipe/ros2_ws/install/mi_interfaces/share/mi_interfaces/rust
[2.054s] -- Installing: /home/felipe/ros2_ws/install/mi_interfaces/share/mi_interfaces/rust/Cargo.toml
[2.055s] -- Installing: /home/felipe/ros2_ws/install/mi_interfaces/share/mi_interfaces/rust/build.rs
[2.055s] -- Installing: /home/felipe/ros2_ws/install/mi_interfaces/share/mi_interfaces/rust/src
[2.055s] -- Installing: /home/felipe/ros2_ws/install/mi_interfaces/share/mi_interfaces/rust/src/srv
[2.055s] -- Installing: /home/felipe/ros2_ws/install/mi_interfaces/share/mi_interfaces/rust/src/srv/rmw.rs
[2.055s] -- Installing: /home/felipe/ros2_ws/install/mi_interfaces/share/mi_interfaces/rust/src/srv.rs
[2.055s] -- Installing: /home/felipe/ros2_ws/install/mi_interfaces/share/mi_interfaces/rust/src/lib.rs
[2.055s] -- Installing: /home/felipe/ros2_ws/install/mi_interfaces/share/mi_interfaces/srv/Saludo.idl
[2.056s] -- Installing: /home/felipe/ros2_ws/install/mi_interfaces/share/mi_interfaces/srv/Saludo.srv
[2.056s] -- Installing: /home/felipe/ros2_ws/install/mi_interfaces/share/mi_interfaces/srv/Saludo_Request.msg
[2.056s] -- Installing: /home/felipe/ros2_ws/install/mi_interfaces/share/mi_interfaces/srv/Saludo_Response.msg
[2.056s] -- Installing: /home/felipe/ros2_ws/install/mi_interfaces/share/ament_index/resource_index/package_run_dependencies/mi_interfaces
[2.056s] -- Installing: /home/felipe/ros2_ws/install/mi_interfaces/share/ament_index/resource_index/parent_prefix_path/mi_interfaces
[2.056s] -- Installing: /home/felipe/ros2_ws/install/mi_interfaces/share/mi_interfaces/environment/ament_prefix_path.sh
[2.057s] -- Installing: /home/felipe/ros2_ws/install/mi_interfaces/share/mi_interfaces/environment/ament_prefix_path.dsv
[2.057s] -- Installing: /home/felipe/ros2_ws/install/mi_interfaces/share/mi_interfaces/environment/path.sh
[2.057s] -- Installing: /home/felipe/ros2_ws/install/mi_interfaces/share/mi_interfaces/environment/path.dsv
[2.057s] -- Installing: /home/felipe/ros2_ws/install/mi_interfaces/share/mi_interfaces/local_setup.bash
[2.057s] -- Installing: /home/felipe/ros2_ws/install/mi_interfaces/share/mi_interfaces/local_setup.sh
[2.057s] -- Installing: /home/felipe/ros2_ws/install/mi_interfaces/share/mi_interfaces/local_setup.zsh
[2.057s] -- Installing: /home/felipe/ros2_ws/install/mi_interfaces/share/mi_interfaces/local_setup.dsv
[2.057s] -- Installing: /home/felipe/ros2_ws/install/mi_interfaces/share/mi_interfaces/package.dsv
[2.057s] -- Installing: /home/felipe/ros2_ws/install/mi_interfaces/share/ament_index/resource_index/packages/mi_interfaces
[2.057s] -- Installing: /home/felipe/ros2_ws/install/mi_interfaces/share/mi_interfaces/cmake/export_mi_interfaces__rosidl_generator_cExport.cmake
[2.057s] -- Installing: /home/felipe/ros2_ws/install/mi_interfaces/share/mi_interfaces/cmake/export_mi_interfaces__rosidl_generator_cExport-noconfig.cmake
[2.057s] -- Installing: /home/felipe/ros2_ws/install/mi_interfaces/share/mi_interfaces/cmake/export_mi_interfaces__rosidl_typesupport_fastrtps_cExport.cmake
[2.057s] -- Installing: /home/felipe/ros2_ws/install/mi_interfaces/share/mi_interfaces/cmake/export_mi_interfaces__rosidl_typesupport_fastrtps_cExport-noconfig.cmake
[2.057s] -- Installing: /home/felipe/ros2_ws/install/mi_interfaces/share/mi_interfaces/cmake/mi_interfaces__rosidl_typesupport_introspection_cExport.cmake
[2.058s] -- Installing: /home/felipe/ros2_ws/install/mi_interfaces/share/mi_interfaces/cmake/mi_interfaces__rosidl_typesupport_introspection_cExport-noconfig.cmake
[2.058s] -- Installing: /home/felipe/ros2_ws/install/mi_interfaces/share/mi_interfaces/cmake/mi_interfaces__rosidl_typesupport_cExport.cmake
[2.058s] -- Installing: /home/felipe/ros2_ws/install/mi_interfaces/share/mi_interfaces/cmake/mi_interfaces__rosidl_typesupport_cExport-noconfig.cmake
[2.058s] -- Installing: /home/felipe/ros2_ws/install/mi_interfaces/share/mi_interfaces/cmake/export_mi_interfaces__rosidl_generator_cppExport.cmake
[2.058s] -- Installing: /home/felipe/ros2_ws/install/mi_interfaces/share/mi_interfaces/cmake/export_mi_interfaces__rosidl_typesupport_fastrtps_cppExport.cmake
[2.058s] -- Installing: /home/felipe/ros2_ws/install/mi_interfaces/share/mi_interfaces/cmake/export_mi_interfaces__rosidl_typesupport_fastrtps_cppExport-noconfig.cmake
[2.058s] -- Installing: /home/felipe/ros2_ws/install/mi_interfaces/share/mi_interfaces/cmake/mi_interfaces__rosidl_typesupport_introspection_cppExport.cmake
[2.058s] -- Installing: /home/felipe/ros2_ws/install/mi_interfaces/share/mi_interfaces/cmake/mi_interfaces__rosidl_typesupport_introspection_cppExport-noconfig.cmake
[2.058s] -- Installing: /home/felipe/ros2_ws/install/mi_interfaces/share/mi_interfaces/cmake/mi_interfaces__rosidl_typesupport_cppExport.cmake
[2.058s] -- Installing: /home/felipe/ros2_ws/install/mi_interfaces/share/mi_interfaces/cmake/mi_interfaces__rosidl_typesupport_cppExport-noconfig.cmake
[2.059s] -- Installing: /home/felipe/ros2_ws/install/mi_interfaces/share/mi_interfaces/cmake/export_mi_interfaces__rosidl_generator_pyExport.cmake
[2.059s] -- Installing: /home/felipe/ros2_ws/install/mi_interfaces/share/mi_interfaces/cmake/export_mi_interfaces__rosidl_generator_pyExport-noconfig.cmake
[2.059s] -- Installing: /home/felipe/ros2_ws/install/mi_interfaces/share/mi_interfaces/cmake/rosidl_cmake-extras.cmake
[2.059s] -- Installing: /home/felipe/ros2_ws/install/mi_interfaces/share/mi_interfaces/cmake/ament_cmake_export_include_directories-extras.cmake
[2.059s] -- Installing: /home/felipe/ros2_ws/install/mi_interfaces/share/mi_interfaces/cmake/ament_cmake_export_libraries-extras.cmake
[2.059s] -- Installing: /home/felipe/ros2_ws/install/mi_interfaces/share/mi_interfaces/cmake/ament_cmake_export_targets-extras.cmake
[2.060s] -- Installing: /home/felipe/ros2_ws/install/mi_interfaces/share/mi_interfaces/cmake/rosidl_cmake_export_typesupport_targets-extras.cmake
[2.060s] -- Installing: /home/felipe/ros2_ws/install/mi_interfaces/share/mi_interfaces/cmake/ament_cmake_export_dependencies-extras.cmake
[2.060s] -- Installing: /home/felipe/ros2_ws/install/mi_interfaces/share/mi_interfaces/cmake/rosidl_cmake_export_typesupport_libraries-extras.cmake
[2.060s] -- Installing: /home/felipe/ros2_ws/install/mi_interfaces/share/mi_interfaces/cmake/mi_interfacesConfig.cmake
[2.060s] -- Installing: /home/felipe/ros2_ws/install/mi_interfaces/share/mi_interfaces/cmake/mi_interfacesConfig-version.cmake
[2.060s] -- Installing: /home/felipe/ros2_ws/install/mi_interfaces/share/mi_interfaces/package.xml
[2.065s] Invoked command in '/home/felipe/ros2_ws/build/mi_interfaces' returned '0': CMAKE_PREFIX_PATH=${CMAKE_PREFIX_PATH}:/home/felipe/ros2_ws/install/puzzle_sim:/opt/ros/humble /usr/bin/cmake --install /home/felipe/ros2_ws/build/mi_interfaces
