[0.724s] Invoking command in '/home/felipe/ros2_ws/src/puzzle_sim': PYTHONPATH=/home/felipe/ros2_ws/build/puzzle_sim/prefix_override:/usr/lib/python3/dist-packages/colcon_core/task/python/colcon_distutils_commands:/home/felipe/ros2_ws/install/puzzle_sim/lib/python3.10/site-packages:${PYTHONPATH} /usr/bin/python3 -W ignore:setup.py install is deprecated -W ignore:easy_install command is deprecated setup.py egg_info --egg-base ../../build/puzzle_sim build --build-base /home/felipe/ros2_ws/build/puzzle_sim/build install --record /home/felipe/ros2_ws/build/puzzle_sim/install.log --single-version-externally-managed install_data
[1.029s] running egg_info
[1.030s] writing ../../build/puzzle_sim/puzzle_sim.egg-info/PKG-INFO
[1.030s] writing dependency_links to ../../build/puzzle_sim/puzzle_sim.egg-info/dependency_links.txt
[1.030s] writing entry points to ../../build/puzzle_sim/puzzle_sim.egg-info/entry_points.txt
[1.030s] writing requirements to ../../build/puzzle_sim/puzzle_sim.egg-info/requires.txt
[1.030s] writing top-level names to ../../build/puzzle_sim/puzzle_sim.egg-info/top_level.txt
[1.031s] reading manifest file '../../build/puzzle_sim/puzzle_sim.egg-info/SOURCES.txt'
[1.032s] writing manifest file '../../build/puzzle_sim/puzzle_sim.egg-info/SOURCES.txt'
[1.032s] running build
[1.032s] running build_py
[1.032s] running install
[1.033s] running install_lib
[1.034s] running install_data
[1.034s] copying urdf/puzzlebot.urdf -> /home/felipe/ros2_ws/install/puzzle_sim/share/puzzle_sim/urdf
[1.034s] running install_egg_info
[1.036s] removing '/home/felipe/ros2_ws/install/puzzle_sim/lib/python3.10/site-packages/puzzle_sim-0.0.1-py3.10.egg-info' (and everything under it)
[1.036s] Copying ../../build/puzzle_sim/puzzle_sim.egg-info to /home/felipe/ros2_ws/install/puzzle_sim/lib/python3.10/site-packages/puzzle_sim-0.0.1-py3.10.egg-info
[1.036s] running install_scripts
[1.050s] writing list of installed files to '/home/felipe/ros2_ws/build/puzzle_sim/install.log'
[1.068s] Invoked command in '/home/felipe/ros2_ws/src/puzzle_sim' returned '0': PYTHONPATH=/home/felipe/ros2_ws/build/puzzle_sim/prefix_override:/usr/lib/python3/dist-packages/colcon_core/task/python/colcon_distutils_commands:/home/felipe/ros2_ws/install/puzzle_sim/lib/python3.10/site-packages:${PYTHONPATH} /usr/bin/python3 -W ignore:setup.py install is deprecated -W ignore:easy_install command is deprecated setup.py egg_info --egg-base ../../build/puzzle_sim build --build-base /home/felipe/ros2_ws/build/puzzle_sim/build install --record /home/felipe/ros2_ws/build/puzzle_sim/install.log --single-version-externally-managed install_data
