[0.057s] DEBUG:colcon:Command line arguments: ['/usr/bin/colcon', 'build']
[0.057s] DEBUG:colcon:Parsed command line arguments: Namespace(log_base=None, log_level=None, verb_name='build', build_base='build', install_base='install', merge_install=False, symlink_install=False, test_result_base=None, continue_on_error=False, executor='parallel', parallel_workers=12, event_handlers=None, ignore_user_meta=False, metas=['./colcon.meta'], base_paths=['.'], packages_ignore=None, packages_ignore_regex=None, paths=None, packages_up_to=None, packages_up_to_regex=None, packages_above=None, packages_above_and_dependencies=None, packages_above_depth=None, packages_select_by_dep=None, packages_skip_by_dep=None, packages_skip_up_to=None, packages_select_build_failed=False, packages_skip_build_finished=False, packages_select_test_failures=False, packages_skip_test_passed=False, packages_select=None, packages_skip=None, packages_select_regex=None, packages_skip_regex=None, packages_start=None, packages_end=None, allow_overriding=[], cmake_args=None, cmake_target=None, cmake_target_skip_unavailable=False, cmake_clean_cache=False, cmake_clean_first=False, cmake_force_configure=False, ament_cmake_args=None, catkin_cmake_args=None, catkin_skip_building_tests=False, verb_parser=<colcon_defaults.argument_parser.defaults.DefaultArgumentsDecorator object at 0x773dd4e27130>, verb_extension=<colcon_core.verb.build.BuildVerb object at 0x773dd4e26c20>, main=<bound method BuildVerb.main of <colcon_core.verb.build.BuildVerb object at 0x773dd4e26c20>>)
[0.137s] Level 1:colcon.colcon_core.package_discovery:discover_packages(colcon_meta) check parameters
[0.137s] Level 1:colcon.colcon_core.package_discovery:discover_packages(recursive) check parameters
[0.137s] Level 1:colcon.colcon_core.package_discovery:discover_packages(ignore) check parameters
[0.137s] Level 1:colcon.colcon_core.package_discovery:discover_packages(path) check parameters
[0.137s] Level 1:colcon.colcon_core.package_discovery:discover_packages(colcon_meta) discover
[0.137s] Level 1:colcon.colcon_core.package_discovery:discover_packages(recursive) discover
[0.137s] INFO:colcon.colcon_core.package_discovery:Crawling recursively for packages in '/home/felipe/ros2_ws'
[0.137s] Level 1:colcon.colcon_core.package_identification:_identify(.) by extensions ['ignore', 'ignore_ament_install']
[0.137s] Level 1:colcon.colcon_core.package_identification:_identify(.) by extension 'ignore'
[0.137s] Level 1:colcon.colcon_core.package_identification:_identify(.) by extension 'ignore_ament_install'
[0.137s] Level 1:colcon.colcon_core.package_identification:_identify(.) by extensions ['colcon_pkg']
[0.137s] Level 1:colcon.colcon_core.package_identification:_identify(.) by extension 'colcon_pkg'
[0.137s] Level 1:colcon.colcon_core.package_identification:_identify(.) by extensions ['colcon_meta']
[0.137s] Level 1:colcon.colcon_core.package_identification:_identify(.) by extension 'colcon_meta'
[0.137s] Level 1:colcon.colcon_core.package_identification:_identify(.) by extensions ['ros']
[0.137s] Level 1:colcon.colcon_core.package_identification:_identify(.) by extension 'ros'
[0.144s] Level 1:colcon.colcon_core.package_identification:_identify(.) by extensions ['cmake', 'python']
[0.144s] Level 1:colcon.colcon_core.package_identification:_identify(.) by extension 'cmake'
[0.144s] Level 1:colcon.colcon_core.package_identification:_identify(.) by extension 'python'
[0.144s] Level 1:colcon.colcon_core.package_identification:_identify(.) by extensions ['python_setup_py']
[0.144s] Level 1:colcon.colcon_core.package_identification:_identify(.) by extension 'python_setup_py'
[0.144s] Level 1:colcon.colcon_core.package_identification:_identify(bag2) by extensions ['ignore', 'ignore_ament_install']
[0.144s] Level 1:colcon.colcon_core.package_identification:_identify(bag2) by extension 'ignore'
[0.144s] Level 1:colcon.colcon_core.package_identification:_identify(bag2) by extension 'ignore_ament_install'
[0.144s] Level 1:colcon.colcon_core.package_identification:_identify(bag2) by extensions ['colcon_pkg']
[0.144s] Level 1:colcon.colcon_core.package_identification:_identify(bag2) by extension 'colcon_pkg'
[0.144s] Level 1:colcon.colcon_core.package_identification:_identify(bag2) by extensions ['colcon_meta']
[0.144s] Level 1:colcon.colcon_core.package_identification:_identify(bag2) by extension 'colcon_meta'
[0.144s] Level 1:colcon.colcon_core.package_identification:_identify(bag2) by extensions ['ros']
[0.144s] Level 1:colcon.colcon_core.package_identification:_identify(bag2) by extension 'ros'
[0.144s] Level 1:colcon.colcon_core.package_identification:_identify(bag2) by extensions ['cmake', 'python']
[0.144s] Level 1:colcon.colcon_core.package_identification:_identify(bag2) by extension 'cmake'
[0.144s] Level 1:colcon.colcon_core.package_identification:_identify(bag2) by extension 'python'
[0.144s] Level 1:colcon.colcon_core.package_identification:_identify(bag2) by extensions ['python_setup_py']
[0.144s] Level 1:colcon.colcon_core.package_identification:_identify(bag2) by extension 'python_setup_py'
[0.145s] Level 1:colcon.colcon_core.package_identification:_identify(bag3) by extensions ['ignore', 'ignore_ament_install']
[0.145s] Level 1:colcon.colcon_core.package_identification:_identify(bag3) by extension 'ignore'
[0.145s] Level 1:colcon.colcon_core.package_identification:_identify(bag3) by extension 'ignore_ament_install'
[0.145s] Level 1:colcon.colcon_core.package_identification:_identify(bag3) by extensions ['colcon_pkg']
[0.145s] Level 1:colcon.colcon_core.package_identification:_identify(bag3) by extension 'colcon_pkg'
[0.145s] Level 1:colcon.colcon_core.package_identification:_identify(bag3) by extensions ['colcon_meta']
[0.145s] Level 1:colcon.colcon_core.package_identification:_identify(bag3) by extension 'colcon_meta'
[0.145s] Level 1:colcon.colcon_core.package_identification:_identify(bag3) by extensions ['ros']
[0.145s] Level 1:colcon.colcon_core.package_identification:_identify(bag3) by extension 'ros'
[0.145s] Level 1:colcon.colcon_core.package_identification:_identify(bag3) by extensions ['cmake', 'python']
[0.145s] Level 1:colcon.colcon_core.package_identification:_identify(bag3) by extension 'cmake'
[0.145s] Level 1:colcon.colcon_core.package_identification:_identify(bag3) by extension 'python'
[0.145s] Level 1:colcon.colcon_core.package_identification:_identify(bag3) by extensions ['python_setup_py']
[0.145s] Level 1:colcon.colcon_core.package_identification:_identify(bag3) by extension 'python_setup_py'
[0.145s] Level 1:colcon.colcon_core.package_identification:_identify(build) by extensions ['ignore', 'ignore_ament_install']
[0.145s] Level 1:colcon.colcon_core.package_identification:_identify(build) by extension 'ignore'
[0.145s] Level 1:colcon.colcon_core.package_identification:_identify(build) ignored
[0.145s] Level 1:colcon.colcon_core.package_identification:_identify(install) by extensions ['ignore', 'ignore_ament_install']
[0.145s] Level 1:colcon.colcon_core.package_identification:_identify(install) by extension 'ignore'
[0.145s] Level 1:colcon.colcon_core.package_identification:_identify(install) ignored
[0.145s] Level 1:colcon.colcon_core.package_identification:_identify(log) by extensions ['ignore', 'ignore_ament_install']
[0.145s] Level 1:colcon.colcon_core.package_identification:_identify(log) by extension 'ignore'
[0.145s] Level 1:colcon.colcon_core.package_identification:_identify(log) ignored
[0.145s] Level 1:colcon.colcon_core.package_identification:_identify(src) by extensions ['ignore', 'ignore_ament_install']
[0.145s] Level 1:colcon.colcon_core.package_identification:_identify(src) by extension 'ignore'
[0.145s] Level 1:colcon.colcon_core.package_identification:_identify(src) by extension 'ignore_ament_install'
[0.145s] Level 1:colcon.colcon_core.package_identification:_identify(src) by extensions ['colcon_pkg']
[0.145s] Level 1:colcon.colcon_core.package_identification:_identify(src) by extension 'colcon_pkg'
[0.145s] Level 1:colcon.colcon_core.package_identification:_identify(src) by extensions ['colcon_meta']
[0.145s] Level 1:colcon.colcon_core.package_identification:_identify(src) by extension 'colcon_meta'
[0.145s] Level 1:colcon.colcon_core.package_identification:_identify(src) by extensions ['ros']
[0.145s] Level 1:colcon.colcon_core.package_identification:_identify(src) by extension 'ros'
[0.145s] Level 1:colcon.colcon_core.package_identification:_identify(src) by extensions ['cmake', 'python']
[0.145s] Level 1:colcon.colcon_core.package_identification:_identify(src) by extension 'cmake'
[0.145s] Level 1:colcon.colcon_core.package_identification:_identify(src) by extension 'python'
[0.145s] Level 1:colcon.colcon_core.package_identification:_identify(src) by extensions ['python_setup_py']
[0.145s] Level 1:colcon.colcon_core.package_identification:_identify(src) by extension 'python_setup_py'
[0.146s] Level 1:colcon.colcon_core.package_identification:_identify(src/azure_kinect_ros_driver) by extensions ['ignore', 'ignore_ament_install']
[0.146s] Level 1:colcon.colcon_core.package_identification:_identify(src/azure_kinect_ros_driver) by extension 'ignore'
[0.146s] Level 1:colcon.colcon_core.package_identification:_identify(src/azure_kinect_ros_driver) by extension 'ignore_ament_install'
[0.146s] Level 1:colcon.colcon_core.package_identification:_identify(src/azure_kinect_ros_driver) by extensions ['colcon_pkg']
[0.146s] Level 1:colcon.colcon_core.package_identification:_identify(src/azure_kinect_ros_driver) by extension 'colcon_pkg'
[0.146s] Level 1:colcon.colcon_core.package_identification:_identify(src/azure_kinect_ros_driver) by extensions ['colcon_meta']
[0.146s] Level 1:colcon.colcon_core.package_identification:_identify(src/azure_kinect_ros_driver) by extension 'colcon_meta'
[0.146s] Level 1:colcon.colcon_core.package_identification:_identify(src/azure_kinect_ros_driver) by extensions ['ros']
[0.146s] Level 1:colcon.colcon_core.package_identification:_identify(src/azure_kinect_ros_driver) by extension 'ros'
[0.148s] DEBUG:colcon.colcon_core.package_identification:Package 'src/azure_kinect_ros_driver' with type 'ros.ament_cmake' and name 'azure_kinect_ros_driver'
[0.148s] Level 1:colcon.colcon_core.package_discovery:discover_packages(recursive) using defaults
[0.148s] Level 1:colcon.colcon_core.package_discovery:discover_packages(ignore) discover
[0.148s] Level 1:colcon.colcon_core.package_discovery:discover_packages(ignore) using defaults
[0.148s] Level 1:colcon.colcon_core.package_discovery:discover_packages(path) discover
[0.148s] Level 1:colcon.colcon_core.package_discovery:discover_packages(path) using defaults
[0.159s] Level 1:colcon.colcon_core.package_discovery:discover_packages(prefix_path) check parameters
[0.159s] Level 1:colcon.colcon_core.package_discovery:discover_packages(prefix_path) discover
[0.160s] DEBUG:colcon.colcon_installed_package_information.package_discovery:Found 1 installed packages in /home/felipe/ros2_ws/install
[0.161s] DEBUG:colcon.colcon_installed_package_information.package_discovery:Found 272 installed packages in /opt/ros/humble
[0.162s] Level 1:colcon.colcon_core.package_discovery:discover_packages(prefix_path) using defaults
[0.187s] Level 5:colcon.colcon_core.verb:set package 'azure_kinect_ros_driver' build argument 'cmake_args' from command line to 'None'
[0.187s] Level 5:colcon.colcon_core.verb:set package 'azure_kinect_ros_driver' build argument 'cmake_target' from command line to 'None'
[0.187s] Level 5:colcon.colcon_core.verb:set package 'azure_kinect_ros_driver' build argument 'cmake_target_skip_unavailable' from command line to 'False'
[0.187s] Level 5:colcon.colcon_core.verb:set package 'azure_kinect_ros_driver' build argument 'cmake_clean_cache' from command line to 'False'
[0.187s] Level 5:colcon.colcon_core.verb:set package 'azure_kinect_ros_driver' build argument 'cmake_clean_first' from command line to 'False'
[0.187s] Level 5:colcon.colcon_core.verb:set package 'azure_kinect_ros_driver' build argument 'cmake_force_configure' from command line to 'False'
[0.187s] Level 5:colcon.colcon_core.verb:set package 'azure_kinect_ros_driver' build argument 'ament_cmake_args' from command line to 'None'
[0.188s] Level 5:colcon.colcon_core.verb:set package 'azure_kinect_ros_driver' build argument 'catkin_cmake_args' from command line to 'None'
[0.188s] Level 5:colcon.colcon_core.verb:set package 'azure_kinect_ros_driver' build argument 'catkin_skip_building_tests' from command line to 'False'
[0.188s] DEBUG:colcon.colcon_core.verb:Building package 'azure_kinect_ros_driver' with the following arguments: {'ament_cmake_args': None, 'build_base': '/home/felipe/ros2_ws/build/azure_kinect_ros_driver', 'catkin_cmake_args': None, 'catkin_skip_building_tests': False, 'cmake_args': None, 'cmake_clean_cache': False, 'cmake_clean_first': False, 'cmake_force_configure': False, 'cmake_target': None, 'cmake_target_skip_unavailable': False, 'install_base': '/home/felipe/ros2_ws/install/azure_kinect_ros_driver', 'merge_install': False, 'path': '/home/felipe/ros2_ws/src/azure_kinect_ros_driver', 'symlink_install': False, 'test_result_base': None}
[0.188s] INFO:colcon.colcon_core.executor:Executing jobs using 'parallel' executor
[0.188s] DEBUG:colcon.colcon_parallel_executor.executor.parallel:run_until_complete
[0.189s] INFO:colcon.colcon_ros.task.ament_cmake.build:Building ROS package in '/home/felipe/ros2_ws/src/azure_kinect_ros_driver' with build type 'ament_cmake'
[0.189s] INFO:colcon.colcon_cmake.task.cmake.build:Building CMake package in '/home/felipe/ros2_ws/src/azure_kinect_ros_driver'
[0.190s] INFO:colcon.colcon_core.plugin_system:Skipping extension 'colcon_core.shell.bat': Not used on non-Windows systems
[0.190s] INFO:colcon.colcon_core.shell:Skip shell extension 'powershell' for command environment: Not usable outside of PowerShell
[0.190s] DEBUG:colcon.colcon_core.shell:Skip shell extension 'dsv' for command environment
[0.196s] DEBUG:colcon.colcon_core.event_handler.log_command:Invoking command in '/home/felipe/ros2_ws/build/azure_kinect_ros_driver': CMAKE_PREFIX_PATH=/opt/ros/humble /usr/bin/cmake /home/felipe/ros2_ws/src/azure_kinect_ros_driver -DCMAKE_INSTALL_PREFIX=/home/felipe/ros2_ws/install/azure_kinect_ros_driver
[0.593s] DEBUG:colcon.colcon_core.event_handler.log_command:Invoked command in '/home/felipe/ros2_ws/build/azure_kinect_ros_driver' returned '0': CMAKE_PREFIX_PATH=/opt/ros/humble /usr/bin/cmake /home/felipe/ros2_ws/src/azure_kinect_ros_driver -DCMAKE_INSTALL_PREFIX=/home/felipe/ros2_ws/install/azure_kinect_ros_driver
[0.593s] DEBUG:colcon.colcon_core.event_handler.log_command:Invoking command in '/home/felipe/ros2_ws/build/azure_kinect_ros_driver': CMAKE_PREFIX_PATH=/opt/ros/humble /usr/bin/cmake --build /home/felipe/ros2_ws/build/azure_kinect_ros_driver -- -j12 -l12
[5.179s] DEBUG:colcon.colcon_core.event_handler.log_command:Invoked command in '/home/felipe/ros2_ws/build/azure_kinect_ros_driver' returned '0': CMAKE_PREFIX_PATH=/opt/ros/humble /usr/bin/cmake --build /home/felipe/ros2_ws/build/azure_kinect_ros_driver -- -j12 -l12
[5.187s] DEBUG:colcon.colcon_core.event_handler.log_command:Invoking command in '/home/felipe/ros2_ws/build/azure_kinect_ros_driver': CMAKE_PREFIX_PATH=/opt/ros/humble /usr/bin/cmake --install /home/felipe/ros2_ws/build/azure_kinect_ros_driver
[5.322s] Level 1:colcon.colcon_core.environment:create_environment_scripts_only(azure_kinect_ros_driver)
[5.323s] DEBUG:colcon.colcon_core.event_handler.log_command:Invoked command in '/home/felipe/ros2_ws/build/azure_kinect_ros_driver' returned '0': CMAKE_PREFIX_PATH=/opt/ros/humble /usr/bin/cmake --install /home/felipe/ros2_ws/build/azure_kinect_ros_driver
[5.325s] Level 1:colcon.colcon_core.environment:checking '/home/felipe/ros2_ws/install/azure_kinect_ros_driver' for CMake module files
[5.325s] Level 1:colcon.colcon_core.environment:checking '/home/felipe/ros2_ws/install/azure_kinect_ros_driver' for CMake config files
[5.325s] Level 1:colcon.colcon_core.shell:create_environment_hook('azure_kinect_ros_driver', 'cmake_prefix_path')
[5.326s] INFO:colcon.colcon_core.shell:Creating environment hook '/home/felipe/ros2_ws/install/azure_kinect_ros_driver/share/azure_kinect_ros_driver/hook/cmake_prefix_path.ps1'
[5.326s] INFO:colcon.colcon_core.shell:Creating environment descriptor '/home/felipe/ros2_ws/install/azure_kinect_ros_driver/share/azure_kinect_ros_driver/hook/cmake_prefix_path.dsv'
[5.327s] INFO:colcon.colcon_core.shell:Creating environment hook '/home/felipe/ros2_ws/install/azure_kinect_ros_driver/share/azure_kinect_ros_driver/hook/cmake_prefix_path.sh'
[5.327s] Level 1:colcon.colcon_core.environment:checking '/home/felipe/ros2_ws/install/azure_kinect_ros_driver/lib'
[5.327s] Level 1:colcon.colcon_core.environment:checking '/home/felipe/ros2_ws/install/azure_kinect_ros_driver/bin'
[5.328s] Level 1:colcon.colcon_core.environment:checking '/home/felipe/ros2_ws/install/azure_kinect_ros_driver/lib/pkgconfig/azure_kinect_ros_driver.pc'
[5.328s] Level 1:colcon.colcon_core.environment:checking '/home/felipe/ros2_ws/install/azure_kinect_ros_driver/lib/python3.10/site-packages'
[5.328s] Level 1:colcon.colcon_core.environment:checking '/home/felipe/ros2_ws/install/azure_kinect_ros_driver/bin'
[5.328s] INFO:colcon.colcon_core.shell:Creating package script '/home/felipe/ros2_ws/install/azure_kinect_ros_driver/share/azure_kinect_ros_driver/package.ps1'
[5.328s] INFO:colcon.colcon_core.shell:Creating package descriptor '/home/felipe/ros2_ws/install/azure_kinect_ros_driver/share/azure_kinect_ros_driver/package.dsv'
[5.329s] INFO:colcon.colcon_core.shell:Creating package script '/home/felipe/ros2_ws/install/azure_kinect_ros_driver/share/azure_kinect_ros_driver/package.sh'
[5.329s] INFO:colcon.colcon_core.shell:Creating package script '/home/felipe/ros2_ws/install/azure_kinect_ros_driver/share/azure_kinect_ros_driver/package.bash'
[5.329s] INFO:colcon.colcon_core.shell:Creating package script '/home/felipe/ros2_ws/install/azure_kinect_ros_driver/share/azure_kinect_ros_driver/package.zsh'
[5.330s] Level 1:colcon.colcon_core.environment:create_file_with_runtime_dependencies(/home/felipe/ros2_ws/install/azure_kinect_ros_driver/share/colcon-core/packages/azure_kinect_ros_driver)
[5.330s] Level 1:colcon.colcon_core.environment:create_environment_scripts_only(azure_kinect_ros_driver)
[5.330s] Level 1:colcon.colcon_core.environment:checking '/home/felipe/ros2_ws/install/azure_kinect_ros_driver' for CMake module files
[5.331s] Level 1:colcon.colcon_core.environment:checking '/home/felipe/ros2_ws/install/azure_kinect_ros_driver' for CMake config files
[5.331s] Level 1:colcon.colcon_core.shell:create_environment_hook('azure_kinect_ros_driver', 'cmake_prefix_path')
[5.331s] INFO:colcon.colcon_core.shell:Creating environment hook '/home/felipe/ros2_ws/install/azure_kinect_ros_driver/share/azure_kinect_ros_driver/hook/cmake_prefix_path.ps1'
[5.331s] INFO:colcon.colcon_core.shell:Creating environment descriptor '/home/felipe/ros2_ws/install/azure_kinect_ros_driver/share/azure_kinect_ros_driver/hook/cmake_prefix_path.dsv'
[5.331s] INFO:colcon.colcon_core.shell:Creating environment hook '/home/felipe/ros2_ws/install/azure_kinect_ros_driver/share/azure_kinect_ros_driver/hook/cmake_prefix_path.sh'
[5.332s] Level 1:colcon.colcon_core.environment:checking '/home/felipe/ros2_ws/install/azure_kinect_ros_driver/lib'
[5.332s] Level 1:colcon.colcon_core.environment:checking '/home/felipe/ros2_ws/install/azure_kinect_ros_driver/bin'
[5.332s] Level 1:colcon.colcon_core.environment:checking '/home/felipe/ros2_ws/install/azure_kinect_ros_driver/lib/pkgconfig/azure_kinect_ros_driver.pc'
[5.332s] Level 1:colcon.colcon_core.environment:checking '/home/felipe/ros2_ws/install/azure_kinect_ros_driver/lib/python3.10/site-packages'
[5.332s] Level 1:colcon.colcon_core.environment:checking '/home/felipe/ros2_ws/install/azure_kinect_ros_driver/bin'
[5.332s] INFO:colcon.colcon_core.shell:Creating package script '/home/felipe/ros2_ws/install/azure_kinect_ros_driver/share/azure_kinect_ros_driver/package.ps1'
[5.332s] INFO:colcon.colcon_core.shell:Creating package descriptor '/home/felipe/ros2_ws/install/azure_kinect_ros_driver/share/azure_kinect_ros_driver/package.dsv'
[5.333s] INFO:colcon.colcon_core.shell:Creating package script '/home/felipe/ros2_ws/install/azure_kinect_ros_driver/share/azure_kinect_ros_driver/package.sh'
[5.333s] INFO:colcon.colcon_core.shell:Creating package script '/home/felipe/ros2_ws/install/azure_kinect_ros_driver/share/azure_kinect_ros_driver/package.bash'
[5.333s] INFO:colcon.colcon_core.shell:Creating package script '/home/felipe/ros2_ws/install/azure_kinect_ros_driver/share/azure_kinect_ros_driver/package.zsh'
[5.333s] Level 1:colcon.colcon_core.environment:create_file_with_runtime_dependencies(/home/felipe/ros2_ws/install/azure_kinect_ros_driver/share/colcon-core/packages/azure_kinect_ros_driver)
[5.333s] DEBUG:colcon.colcon_parallel_executor.executor.parallel:closing loop
[5.334s] DEBUG:colcon.colcon_parallel_executor.executor.parallel:loop closed
[5.334s] DEBUG:colcon.colcon_parallel_executor.executor.parallel:run_until_complete finished with '0'
[5.334s] DEBUG:colcon.colcon_core.event_reactor:joining thread
[5.337s] INFO:colcon.colcon_core.plugin_system:Skipping extension 'colcon_notification.desktop_notification.terminal_notifier': Not used on non-Darwin systems
[5.337s] INFO:colcon.colcon_core.plugin_system:Skipping extension 'colcon_notification.desktop_notification.win32': Not used on non-Windows systems
[5.337s] INFO:colcon.colcon_notification.desktop_notification:Sending desktop notification using 'notify2'
[5.346s] DEBUG:colcon.colcon_core.event_reactor:joined thread
[5.346s] INFO:colcon.colcon_core.shell:Creating prefix script '/home/felipe/ros2_ws/install/local_setup.ps1'
[5.346s] INFO:colcon.colcon_core.shell:Creating prefix util module '/home/felipe/ros2_ws/install/_local_setup_util_ps1.py'
[5.347s] INFO:colcon.colcon_core.shell:Creating prefix chain script '/home/felipe/ros2_ws/install/setup.ps1'
[5.348s] INFO:colcon.colcon_core.shell:Creating prefix script '/home/felipe/ros2_ws/install/local_setup.sh'
[5.348s] INFO:colcon.colcon_core.shell:Creating prefix util module '/home/felipe/ros2_ws/install/_local_setup_util_sh.py'
[5.348s] INFO:colcon.colcon_core.shell:Creating prefix chain script '/home/felipe/ros2_ws/install/setup.sh'
[5.349s] INFO:colcon.colcon_core.shell:Creating prefix script '/home/felipe/ros2_ws/install/local_setup.bash'
[5.349s] INFO:colcon.colcon_core.shell:Creating prefix chain script '/home/felipe/ros2_ws/install/setup.bash'
[5.350s] INFO:colcon.colcon_core.shell:Creating prefix script '/home/felipe/ros2_ws/install/local_setup.zsh'
[5.350s] INFO:colcon.colcon_core.shell:Creating prefix chain script '/home/felipe/ros2_ws/install/setup.zsh'
