[0.705s] Invoking command in '/home/felipe/ros2_ws/src/obstacle_avoidance': PYTHONPATH=/home/felipe/ros2_ws/build/obstacle_avoidance/prefix_override:/usr/lib/python3/dist-packages/colcon_core/task/python/colcon_distutils_commands:/home/felipe/ros2_ws/install/obstacle_avoidance/lib/python3.10/site-packages:${PYTHONPATH} /usr/bin/python3 -W ignore:setup.py install is deprecated -W ignore:easy_install command is deprecated setup.py egg_info --egg-base ../../build/obstacle_avoidance build --build-base /home/felipe/ros2_ws/build/obstacle_avoidance/build install --record /home/felipe/ros2_ws/build/obstacle_avoidance/install.log --single-version-externally-managed install_data
[0.908s] running egg_info
[0.908s] creating ../../build/obstacle_avoidance/obstacle_avoidance.egg-info
[0.908s] writing ../../build/obstacle_avoidance/obstacle_avoidance.egg-info/PKG-INFO
[0.908s] writing dependency_links to ../../build/obstacle_avoidance/obstacle_avoidance.egg-info/dependency_links.txt
[0.908s] writing entry points to ../../build/obstacle_avoidance/obstacle_avoidance.egg-info/entry_points.txt
[0.908s] writing requirements to ../../build/obstacle_avoidance/obstacle_avoidance.egg-info/requires.txt
[0.908s] writing top-level names to ../../build/obstacle_avoidance/obstacle_avoidance.egg-info/top_level.txt
[0.908s] writing manifest file '../../build/obstacle_avoidance/obstacle_avoidance.egg-info/SOURCES.txt'
[0.910s] reading manifest file '../../build/obstacle_avoidance/obstacle_avoidance.egg-info/SOURCES.txt'
[0.910s] writing manifest file '../../build/obstacle_avoidance/obstacle_avoidance.egg-info/SOURCES.txt'
[0.910s] running build
[0.910s] running build_py
[0.910s] creating /home/felipe/ros2_ws/build/obstacle_avoidance/build
[0.910s] creating /home/felipe/ros2_ws/build/obstacle_avoidance/build/lib
[0.911s] creating /home/felipe/ros2_ws/build/obstacle_avoidance/build/lib/obstacle_avoidance
[0.911s] copying obstacle_avoidance/avoider_node.py -> /home/felipe/ros2_ws/build/obstacle_avoidance/build/lib/obstacle_avoidance
[0.911s] copying obstacle_avoidance/__init__.py -> /home/felipe/ros2_ws/build/obstacle_avoidance/build/lib/obstacle_avoidance
[0.911s] running install
[0.911s] running install_lib
[0.911s] creating /home/felipe/ros2_ws/install/obstacle_avoidance/lib/python3.10/site-packages/obstacle_avoidance
[0.911s] copying /home/felipe/ros2_ws/build/obstacle_avoidance/build/lib/obstacle_avoidance/avoider_node.py -> /home/felipe/ros2_ws/install/obstacle_avoidance/lib/python3.10/site-packages/obstacle_avoidance
[0.912s] copying /home/felipe/ros2_ws/build/obstacle_avoidance/build/lib/obstacle_avoidance/__init__.py -> /home/felipe/ros2_ws/install/obstacle_avoidance/lib/python3.10/site-packages/obstacle_avoidance
[0.912s] byte-compiling /home/felipe/ros2_ws/install/obstacle_avoidance/lib/python3.10/site-packages/obstacle_avoidance/avoider_node.py to avoider_node.cpython-310.pyc
[0.912s] byte-compiling /home/felipe/ros2_ws/install/obstacle_avoidance/lib/python3.10/site-packages/obstacle_avoidance/__init__.py to __init__.cpython-310.pyc
[0.912s] running install_data
[0.912s] creating /home/felipe/ros2_ws/install/obstacle_avoidance/share/ament_index
[0.913s] creating /home/felipe/ros2_ws/install/obstacle_avoidance/share/ament_index/resource_index
[0.913s] creating /home/felipe/ros2_ws/install/obstacle_avoidance/share/ament_index/resource_index/packages
[0.913s] copying resource/obstacle_avoidance -> /home/felipe/ros2_ws/install/obstacle_avoidance/share/ament_index/resource_index/packages
[0.913s] copying package.xml -> /home/felipe/ros2_ws/install/obstacle_avoidance/share/obstacle_avoidance
[0.913s] running install_egg_info
[0.915s] Copying ../../build/obstacle_avoidance/obstacle_avoidance.egg-info to /home/felipe/ros2_ws/install/obstacle_avoidance/lib/python3.10/site-packages/obstacle_avoidance-0.0.0-py3.10.egg-info
[0.915s] running install_scripts
[0.937s] Installing avoider_node script to /home/felipe/ros2_ws/install/obstacle_avoidance/lib/obstacle_avoidance
[0.937s] writing list of installed files to '/home/felipe/ros2_ws/build/obstacle_avoidance/install.log'
[0.986s] Invoked command in '/home/felipe/ros2_ws/src/obstacle_avoidance' returned '0': PYTHONPATH=/home/felipe/ros2_ws/build/obstacle_avoidance/prefix_override:/usr/lib/python3/dist-packages/colcon_core/task/python/colcon_distutils_commands:/home/felipe/ros2_ws/install/obstacle_avoidance/lib/python3.10/site-packages:${PYTHONPATH} /usr/bin/python3 -W ignore:setup.py install is deprecated -W ignore:easy_install command is deprecated setup.py egg_info --egg-base ../../build/obstacle_avoidance build --build-base /home/felipe/ros2_ws/build/obstacle_avoidance/build install --record /home/felipe/ros2_ws/build/obstacle_avoidance/install.log --single-version-externally-managed install_data
