Traceback (most recent call last):
  File "/home/felipe/ros2_ws/build/mi_interfaces/ament_cmake_python/mi_interfaces/setup.py", line 4, in <module>
    setup(
  File "/home/felipe/.local/lib/python3.10/site-packages/setuptools/__init__.py", line 117, in setup
    return distutils.core.setup(**attrs)  # type: ignore[return-value]
  File "/home/felipe/.local/lib/python3.10/site-packages/setuptools/_distutils/core.py", line 186, in setup
    return run_commands(dist)
  File "/home/felipe/.local/lib/python3.10/site-packages/setuptools/_distutils/core.py", line 202, in run_commands
    dist.run_commands()
  File "/home/felipe/.local/lib/python3.10/site-packages/setuptools/_distutils/dist.py", line 1000, in run_commands
    self.run_command(cmd)
  File "/home/felipe/.local/lib/python3.10/site-packages/setuptools/dist.py", line 1107, in run_command
    super().run_command(command)
  File "/home/felipe/.local/lib/python3.10/site-packages/setuptools/_distutils/dist.py", line 1019, in run_command
    cmd_obj.run()
  File "/home/felipe/.local/lib/python3.10/site-packages/setuptools/command/egg_info.py", line 312, in run
    self.find_sources()
  File "/home/felipe/.local/lib/python3.10/site-packages/setuptools/command/egg_info.py", line 320, in find_sources
    mm.run()
  File "/home/felipe/.local/lib/python3.10/site-packages/setuptools/command/egg_info.py", line 547, in run
    self.prune_file_list()
  File "/home/felipe/.local/lib/python3.10/site-packages/setuptools/command/sdist.py", line 163, in prune_file_list
    super().prune_file_list()
  File "/home/felipe/.local/lib/python3.10/site-packages/setuptools/_distutils/command/sdist.py", line 386, in prune_file_list
    base_dir = self.distribution.get_fullname()
  File "/home/felipe/.local/lib/python3.10/site-packages/setuptools/_core_metadata.py", line 275, in get_fullname
    return _distribution_fullname(self.get_name(), self.get_version())
  File "/home/felipe/.local/lib/python3.10/site-packages/setuptools/_core_metadata.py", line 293, in _distribution_fullname
    canonicalize_version(version, strip_trailing_zero=False),
TypeError: canonicalize_version() got an unexpected keyword argument 'strip_trailing_zero'
gmake[2]: *** [CMakeFiles/ament_cmake_python_build_mi_interfaces_egg.dir/build.make:70: CMakeFiles/ament_cmake_python_build_mi_interfaces_egg] Error 1
gmake[1]: *** [CMakeFiles/Makefile2:466: CMakeFiles/ament_cmake_python_build_mi_interfaces_egg.dir/all] Error 2
gmake[1]: *** Se espera a que terminen otras tareas....
gmake: *** [Makefile:146: all] Error 2
