-- The C compiler identification is GNU 11.4.0
-- The CXX compiler identification is GNU 11.4.0
-- Detecting C compiler ABI info
-- Detecting C compiler ABI info - done
-- Check for working C compiler: /usr/bin/cc - skipped
-- Detecting C compile features
-- Detecting C compile features - done
-- Detecting CXX compiler ABI info
-- Detecting CXX compiler ABI info - done
-- Check for working CXX compiler: /usr/bin/c++ - skipped
-- Detecting CXX compile features
-- Detecting CXX compile features - done
-- Found ament_cmake: 1.3.14 (/opt/ros/humble/share/ament_cmake/cmake)
-- Found Python3: /usr/bin/python3 (found version "3.10.12") found components: Interpreter 
-- Found ament_lint_auto: 0.12.15 (/opt/ros/humble/share/ament_lint_auto/cmake)
-- Found rosidl_default_generators: 1.2.1 (/opt/ros/humble/share/rosidl_default_generators/cmake)
-- Using all available rosidl_typesupport_c: rosidl_typesupport_fastrtps_c;rosidl_typesupport_introspection_c
-- Found rosidl_adapter: 3.1.8 (/opt/ros/humble/share/rosidl_adapter/cmake)
-- Using all available rosidl_typesupport_cpp: rosidl_typesupport_fastrtps_cpp;rosidl_typesupport_introspection_cpp
-- Found ament_cmake_ros: 0.10.0 (/opt/ros/humble/share/ament_cmake_ros/cmake)
-- Using all available rosidl_typesupport_c: rosidl_typesupport_fastrtps_c;rosidl_typesupport_introspection_c
-- Using all available rosidl_typesupport_cpp: rosidl_typesupport_fastrtps_cpp;rosidl_typesupport_introspection_cpp
-- Found PythonInterp: /usr/bin/python3 (found suitable version "3.10.12", minimum required is "3.6") 
-- Found python_cmake_module: 0.10.0 (/opt/ros/humble/share/python_cmake_module/cmake)
-- Found PythonLibs: /usr/lib/x86_64-linux-gnu/libpython3.10.so (found suitable version "3.10.12", minimum required is "3.5") 
-- Using PYTHON_EXECUTABLE: /usr/bin/python3
-- Using PYTHON_INCLUDE_DIRS: /usr/include/python3.10
-- Using PYTHON_LIBRARIES: /usr/lib/x86_64-linux-gnu/libpython3.10.so
-- Found PythonExtra: .so  
-- Added test 'lint_cmake' to check CMake code style
-- Added test 'xmllint' to check XML markup files
-- Configuring done
-- Generating done
-- Build files have been written to: /home/felipe/ros2_ws/build/mi_interfaces
[  3%] [34m[1mGenerating C code for ROS interfaces[0m
[  6%] [34m[1mGenerating Rust code for ROS interfaces[0m
[  9%] [34m[1mGenerating C++ code for ROS interfaces[0m
[  9%] Built target ament_cmake_python_copy_mi_interfaces
[  9%] Built target mi_interfaces__rs
[  9%] Built target mi_interfaces__cpp
[ 12%] [32mBuilding C object CMakeFiles/mi_interfaces__rosidl_generator_c.dir/rosidl_generator_c/mi_interfaces/srv/detail/saludo__functions.c.o[0m
[ 18%] [34m[1mGenerating C++ type support for eProsima Fast-RTPS[0m
[ 18%] [34m[1mGenerating C++ introspection for ROS interfaces[0m
[ 21%] [34m[1mGenerating C++ type support dispatch for ROS interfaces[0m
running egg_info
creating mi_interfaces.egg-info
writing mi_interfaces.egg-info/PKG-INFO
writing dependency_links to mi_interfaces.egg-info/dependency_links.txt
writing top-level names to mi_interfaces.egg-info/top_level.txt
writing manifest file 'mi_interfaces.egg-info/SOURCES.txt'
reading manifest file 'mi_interfaces.egg-info/SOURCES.txt'
[ 25%] [32m[1mLinking C shared library libmi_interfaces__rosidl_generator_c.so[0m
Traceback (most recent call last):
  File "/home/felipe/ros2_ws/build/mi_interfaces/ament_cmake_python/mi_interfaces/setup.py", line 4, in <module>
    setup(
  File "/home/felipe/.local/lib/python3.10/site-packages/setuptools/__init__.py", line 117, in setup
    return distutils.core.setup(**attrs)  # type: ignore[return-value]
  File "/home/felipe/.local/lib/python3.10/site-packages/setuptools/_distutils/core.py", line 186, in setup
    return run_commands(dist)
  File "/home/felipe/.local/lib/python3.10/site-packages/setuptools/_distutils/core.py", line 202, in run_commands
    dist.run_commands()
  File "/home/felipe/.local/lib/python3.10/site-packages/setuptools/_distutils/dist.py", line 1000, in run_commands
    self.run_command(cmd)
  File "/home/felipe/.local/lib/python3.10/site-packages/setuptools/dist.py", line 1107, in run_command
    super().run_command(command)
  File "/home/felipe/.local/lib/python3.10/site-packages/setuptools/_distutils/dist.py", line 1019, in run_command
    cmd_obj.run()
  File "/home/felipe/.local/lib/python3.10/site-packages/setuptools/command/egg_info.py", line 312, in run
    self.find_sources()
  File "/home/felipe/.local/lib/python3.10/site-packages/setuptools/command/egg_info.py", line 320, in find_sources
    mm.run()
  File "/home/felipe/.local/lib/python3.10/site-packages/setuptools/command/egg_info.py", line 547, in run
    self.prune_file_list()
  File "/home/felipe/.local/lib/python3.10/site-packages/setuptools/command/sdist.py", line 163, in prune_file_list
    super().prune_file_list()
  File "/home/felipe/.local/lib/python3.10/site-packages/setuptools/_distutils/command/sdist.py", line 386, in prune_file_list
    base_dir = self.distribution.get_fullname()
  File "/home/felipe/.local/lib/python3.10/site-packages/setuptools/_core_metadata.py", line 275, in get_fullname
    return _distribution_fullname(self.get_name(), self.get_version())
  File "/home/felipe/.local/lib/python3.10/site-packages/setuptools/_core_metadata.py", line 293, in _distribution_fullname
    canonicalize_version(version, strip_trailing_zero=False),
TypeError: canonicalize_version() got an unexpected keyword argument 'strip_trailing_zero'
gmake[2]: *** [CMakeFiles/ament_cmake_python_build_mi_interfaces_egg.dir/build.make:70: CMakeFiles/ament_cmake_python_build_mi_interfaces_egg] Error 1
gmake[1]: *** [CMakeFiles/Makefile2:466: CMakeFiles/ament_cmake_python_build_mi_interfaces_egg.dir/all] Error 2
gmake[1]: *** Se espera a que terminen otras tareas....
[ 25%] Built target mi_interfaces__rosidl_generator_c
[ 28%] [32mBuilding CXX object CMakeFiles/mi_interfaces__rosidl_typesupport_cpp.dir/rosidl_typesupport_cpp/mi_interfaces/srv/saludo__type_support.cpp.o[0m
[ 31%] [32mBuilding CXX object CMakeFiles/mi_interfaces__rosidl_typesupport_introspection_cpp.dir/rosidl_typesupport_introspection_cpp/mi_interfaces/srv/detail/saludo__type_support.cpp.o[0m
[ 34%] [32mBuilding CXX object CMakeFiles/mi_interfaces__rosidl_typesupport_fastrtps_cpp.dir/rosidl_typesupport_fastrtps_cpp/mi_interfaces/srv/detail/dds_fastrtps/saludo__type_support.cpp.o[0m
[ 37%] [32m[1mLinking CXX shared library libmi_interfaces__rosidl_typesupport_cpp.so[0m
[ 37%] Built target mi_interfaces__rosidl_typesupport_cpp
[ 40%] [32m[1mLinking CXX shared library libmi_interfaces__rosidl_typesupport_introspection_cpp.so[0m
[ 43%] [32m[1mLinking CXX shared library libmi_interfaces__rosidl_typesupport_fastrtps_cpp.so[0m
[ 43%] Built target mi_interfaces__rosidl_typesupport_introspection_cpp
[ 43%] Built target mi_interfaces__rosidl_typesupport_fastrtps_cpp
gmake: *** [Makefile:146: all] Error 2
