[0.014s] Invoking command in '/home/felipe/ros2_ws/build/mi_interfaces': CMAKE_PREFIX_PATH=${CMAKE_PREFIX_PATH}:/home/felipe/ros2_ws/install/puzzle_sim:/opt/ros/humble /usr/bin/cmake /home/felipe/ros2_ws/src/mi_interfaces -DCMAKE_INSTALL_PREFIX=/home/felipe/ros2_ws/install/mi_interfaces
[0.285s] -- The C compiler identification is GNU 11.4.0
[0.442s] -- The CXX compiler identification is GNU 11.4.0
[0.461s] -- Detecting C compiler ABI info
[0.582s] -- Detecting C compiler ABI info - done
[0.592s] -- Check for working C compiler: /usr/bin/cc - skipped
[0.593s] -- Detecting C compile features
[0.594s] -- Detecting C compile features - done
[0.599s] -- Detecting CXX compiler ABI info
[0.728s] -- Detecting CXX compiler ABI info - done
[0.738s] -- Check for working CXX compiler: /usr/bin/c++ - skipped
[0.738s] -- Detecting CXX compile features
[0.739s] -- Detecting CXX compile features - done
[0.746s] -- Found ament_cmake: 1.3.14 (/opt/ros/humble/share/ament_cmake/cmake)
[1.172s] -- Found Python3: /usr/bin/python3 (found version "3.10.12") found components: Interpreter 
[1.261s] -- Found ament_lint_auto: 0.12.15 (/opt/ros/humble/share/ament_lint_auto/cmake)
[1.367s] -- Found rosidl_default_generators: 1.2.1 (/opt/ros/humble/share/rosidl_default_generators/cmake)
[1.373s] -- Using all available rosidl_typesupport_c: rosidl_typesupport_fastrtps_c;rosidl_typesupport_introspection_c
[1.382s] -- Found rosidl_adapter: 3.1.8 (/opt/ros/humble/share/rosidl_adapter/cmake)
[1.463s] -- Using all available rosidl_typesupport_cpp: rosidl_typesupport_fastrtps_cpp;rosidl_typesupport_introspection_cpp
[1.818s] -- Found ament_cmake_ros: 0.10.0 (/opt/ros/humble/share/ament_cmake_ros/cmake)
[2.071s] -- Using all available rosidl_typesupport_c: rosidl_typesupport_fastrtps_c;rosidl_typesupport_introspection_c
[2.276s] -- Using all available rosidl_typesupport_cpp: rosidl_typesupport_fastrtps_cpp;rosidl_typesupport_introspection_cpp
[2.309s] -- Found PythonInterp: /usr/bin/python3 (found suitable version "3.10.12", minimum required is "3.6") 
[2.312s] -- Found python_cmake_module: 0.10.0 (/opt/ros/humble/share/python_cmake_module/cmake)
[2.353s] -- Found PythonLibs: /usr/lib/x86_64-linux-gnu/libpython3.10.so (found suitable version "3.10.12", minimum required is "3.5") 
[2.353s] -- Using PYTHON_EXECUTABLE: /usr/bin/python3
[2.354s] -- Using PYTHON_INCLUDE_DIRS: /usr/include/python3.10
[2.354s] -- Using PYTHON_LIBRARIES: /usr/lib/x86_64-linux-gnu/libpython3.10.so
[2.385s] -- Found PythonExtra: .so  
[2.528s] -- Added test 'lint_cmake' to check CMake code style
[2.530s] -- Added test 'xmllint' to check XML markup files
[2.538s] -- Configuring done
[2.572s] -- Generating done
[2.586s] -- Build files have been written to: /home/felipe/ros2_ws/build/mi_interfaces
[2.596s] Invoked command in '/home/felipe/ros2_ws/build/mi_interfaces' returned '0': CMAKE_PREFIX_PATH=${CMAKE_PREFIX_PATH}:/home/felipe/ros2_ws/install/puzzle_sim:/opt/ros/humble /usr/bin/cmake /home/felipe/ros2_ws/src/mi_interfaces -DCMAKE_INSTALL_PREFIX=/home/felipe/ros2_ws/install/mi_interfaces
[2.599s] Invoking command in '/home/felipe/ros2_ws/build/mi_interfaces': CMAKE_PREFIX_PATH=${CMAKE_PREFIX_PATH}:/home/felipe/ros2_ws/install/puzzle_sim:/opt/ros/humble /usr/bin/cmake --build /home/felipe/ros2_ws/build/mi_interfaces -- -j12 -l12
[2.676s] [  3%] [34m[1mGenerating C code for ROS interfaces[0m
[2.693s] [  6%] [34m[1mGenerating Rust code for ROS interfaces[0m
[2.695s] [  9%] [34m[1mGenerating C++ code for ROS interfaces[0m
[2.705s] [  9%] Built target ament_cmake_python_copy_mi_interfaces
[3.054s] [  9%] Built target mi_interfaces__rs
[3.085s] [  9%] Built target mi_interfaces__cpp
[3.092s] [ 12%] [32mBuilding C object CMakeFiles/mi_interfaces__rosidl_generator_c.dir/rosidl_generator_c/mi_interfaces/srv/detail/saludo__functions.c.o[0m
[3.095s] [ 18%] [34m[1mGenerating C++ type support for eProsima Fast-RTPS[0m
[3.095s] [ 18%] [34m[1mGenerating C++ introspection for ROS interfaces[0m
[3.096s] [ 21%] [34m[1mGenerating C++ type support dispatch for ROS interfaces[0m
[3.111s] running egg_info
[3.126s] creating mi_interfaces.egg-info
[3.126s] writing mi_interfaces.egg-info/PKG-INFO
[3.126s] writing dependency_links to mi_interfaces.egg-info/dependency_links.txt
[3.127s] writing top-level names to mi_interfaces.egg-info/top_level.txt
[3.127s] writing manifest file 'mi_interfaces.egg-info/SOURCES.txt'
[3.177s] reading manifest file 'mi_interfaces.egg-info/SOURCES.txt'
[3.197s] [ 25%] [32m[1mLinking C shared library libmi_interfaces__rosidl_generator_c.so[0m
[3.199s] Traceback (most recent call last):
[3.199s]   File "/home/felipe/ros2_ws/build/mi_interfaces/ament_cmake_python/mi_interfaces/setup.py", line 4, in <module>
[3.199s]     setup(
[3.199s]   File "/home/felipe/.local/lib/python3.10/site-packages/setuptools/__init__.py", line 117, in setup
[3.199s]     return distutils.core.setup(**attrs)  # type: ignore[return-value]
[3.199s]   File "/home/felipe/.local/lib/python3.10/site-packages/setuptools/_distutils/core.py", line 186, in setup
[3.200s]     return run_commands(dist)
[3.200s]   File "/home/felipe/.local/lib/python3.10/site-packages/setuptools/_distutils/core.py", line 202, in run_commands
[3.200s]     dist.run_commands()
[3.200s]   File "/home/felipe/.local/lib/python3.10/site-packages/setuptools/_distutils/dist.py", line 1000, in run_commands
[3.200s]     self.run_command(cmd)
[3.200s]   File "/home/felipe/.local/lib/python3.10/site-packages/setuptools/dist.py", line 1107, in run_command
[3.201s]     super().run_command(command)
[3.201s]   File "/home/felipe/.local/lib/python3.10/site-packages/setuptools/_distutils/dist.py", line 1019, in run_command
[3.201s]     cmd_obj.run()
[3.201s]   File "/home/felipe/.local/lib/python3.10/site-packages/setuptools/command/egg_info.py", line 312, in run
[3.201s]     self.find_sources()
[3.201s]   File "/home/felipe/.local/lib/python3.10/site-packages/setuptools/command/egg_info.py", line 320, in find_sources
[3.202s]     mm.run()
[3.202s]   File "/home/felipe/.local/lib/python3.10/site-packages/setuptools/command/egg_info.py", line 547, in run
[3.202s]     self.prune_file_list()
[3.202s]   File "/home/felipe/.local/lib/python3.10/site-packages/setuptools/command/sdist.py", line 163, in prune_file_list
[3.202s]     super().prune_file_list()
[3.202s]   File "/home/felipe/.local/lib/python3.10/site-packages/setuptools/_distutils/command/sdist.py", line 386, in prune_file_list
[3.202s]     base_dir = self.distribution.get_fullname()
[3.202s]   File "/home/felipe/.local/lib/python3.10/site-packages/setuptools/_core_metadata.py", line 275, in get_fullname
[3.202s]     return _distribution_fullname(self.get_name(), self.get_version())
[3.203s]   File "/home/felipe/.local/lib/python3.10/site-packages/setuptools/_core_metadata.py", line 293, in _distribution_fullname
[3.203s]     canonicalize_version(version, strip_trailing_zero=False),
[3.203s] TypeError: canonicalize_version() got an unexpected keyword argument 'strip_trailing_zero'
[3.238s] gmake[2]: *** [CMakeFiles/ament_cmake_python_build_mi_interfaces_egg.dir/build.make:70: CMakeFiles/ament_cmake_python_build_mi_interfaces_egg] Error 1
[3.238s] gmake[1]: *** [CMakeFiles/Makefile2:466: CMakeFiles/ament_cmake_python_build_mi_interfaces_egg.dir/all] Error 2
[3.238s] gmake[1]: *** Se espera a que terminen otras tareas....
[3.252s] [ 25%] Built target mi_interfaces__rosidl_generator_c
[3.367s] [ 28%] [32mBuilding CXX object CMakeFiles/mi_interfaces__rosidl_typesupport_cpp.dir/rosidl_typesupport_cpp/mi_interfaces/srv/saludo__type_support.cpp.o[0m
[3.405s] [ 31%] [32mBuilding CXX object CMakeFiles/mi_interfaces__rosidl_typesupport_introspection_cpp.dir/rosidl_typesupport_introspection_cpp/mi_interfaces/srv/detail/saludo__type_support.cpp.o[0m
[3.418s] [ 34%] [32mBuilding CXX object CMakeFiles/mi_interfaces__rosidl_typesupport_fastrtps_cpp.dir/rosidl_typesupport_fastrtps_cpp/mi_interfaces/srv/detail/dds_fastrtps/saludo__type_support.cpp.o[0m
[3.820s] [ 37%] [32m[1mLinking CXX shared library libmi_interfaces__rosidl_typesupport_cpp.so[0m
[3.913s] [ 37%] Built target mi_interfaces__rosidl_typesupport_cpp
[4.023s] [ 40%] [32m[1mLinking CXX shared library libmi_interfaces__rosidl_typesupport_introspection_cpp.so[0m
[4.043s] [ 43%] [32m[1mLinking CXX shared library libmi_interfaces__rosidl_typesupport_fastrtps_cpp.so[0m
[4.084s] [ 43%] Built target mi_interfaces__rosidl_typesupport_introspection_cpp
[4.105s] [ 43%] Built target mi_interfaces__rosidl_typesupport_fastrtps_cpp
[4.106s] gmake: *** [Makefile:146: all] Error 2
[4.108s] Invoked command in '/home/felipe/ros2_ws/build/mi_interfaces' returned '2': CMAKE_PREFIX_PATH=${CMAKE_PREFIX_PATH}:/home/felipe/ros2_ws/install/puzzle_sim:/opt/ros/humble /usr/bin/cmake --build /home/felipe/ros2_ws/build/mi_interfaces -- -j12 -l12
