[1.121s] Invoking command in '/home/felipe/ros2_ws/src/mcl_robot': PYTHONPATH=/home/felipe/ros2_ws/src/build/mcl_robot/prefix_override:/usr/lib/python3/dist-packages/colcon_core/task/python/colcon_distutils_commands:/home/felipe/ros2_ws/src/install/mcl_robot/lib/python3.10/site-packages:${PYTHONPATH} /usr/bin/python3 -W ignore:setup.py install is deprecated -W ignore:easy_install command is deprecated setup.py egg_info --egg-base ../build/mcl_robot build --build-base /home/felipe/ros2_ws/src/build/mcl_robot/build install --record /home/felipe/ros2_ws/src/build/mcl_robot/install.log --single-version-externally-managed install_data
[1.467s] running egg_info
[1.468s] creating ../build/mcl_robot/mcl_robot.egg-info
[1.468s] writing ../build/mcl_robot/mcl_robot.egg-info/PKG-INFO
[1.469s] writing dependency_links to ../build/mcl_robot/mcl_robot.egg-info/dependency_links.txt
[1.469s] writing entry points to ../build/mcl_robot/mcl_robot.egg-info/entry_points.txt
[1.469s] writing requirements to ../build/mcl_robot/mcl_robot.egg-info/requires.txt
[1.469s] writing top-level names to ../build/mcl_robot/mcl_robot.egg-info/top_level.txt
[1.469s] writing manifest file '../build/mcl_robot/mcl_robot.egg-info/SOURCES.txt'
[1.472s] reading manifest file '../build/mcl_robot/mcl_robot.egg-info/SOURCES.txt'
[1.473s] writing manifest file '../build/mcl_robot/mcl_robot.egg-info/SOURCES.txt'
[1.473s] running build
[1.473s] running build_py
[1.474s] creating /home/felipe/ros2_ws/src/build/mcl_robot/build
[1.474s] creating /home/felipe/ros2_ws/src/build/mcl_robot/build/lib
[1.474s] creating /home/felipe/ros2_ws/src/build/mcl_robot/build/lib/mcl_robot
[1.474s] copying mcl_robot/__init__.py -> /home/felipe/ros2_ws/src/build/mcl_robot/build/lib/mcl_robot
[1.474s] copying mcl_robot/mcl_node.py -> /home/felipe/ros2_ws/src/build/mcl_robot/build/lib/mcl_robot
[1.474s] running install
[1.475s] running install_lib
[1.476s] creating /home/felipe/ros2_ws/src/install/mcl_robot/lib/python3.10/site-packages/mcl_robot
[1.476s] copying /home/felipe/ros2_ws/src/build/mcl_robot/build/lib/mcl_robot/__init__.py -> /home/felipe/ros2_ws/src/install/mcl_robot/lib/python3.10/site-packages/mcl_robot
[1.476s] copying /home/felipe/ros2_ws/src/build/mcl_robot/build/lib/mcl_robot/mcl_node.py -> /home/felipe/ros2_ws/src/install/mcl_robot/lib/python3.10/site-packages/mcl_robot
[1.477s] byte-compiling /home/felipe/ros2_ws/src/install/mcl_robot/lib/python3.10/site-packages/mcl_robot/__init__.py to __init__.cpython-310.pyc
[1.477s] byte-compiling /home/felipe/ros2_ws/src/install/mcl_robot/lib/python3.10/site-packages/mcl_robot/mcl_node.py to mcl_node.cpython-310.pyc
[1.479s] running install_data
[1.479s] creating /home/felipe/ros2_ws/src/install/mcl_robot/share/ament_index
[1.479s] creating /home/felipe/ros2_ws/src/install/mcl_robot/share/ament_index/resource_index
[1.479s] creating /home/felipe/ros2_ws/src/install/mcl_robot/share/ament_index/resource_index/packages
[1.479s] copying resource/mcl_robot -> /home/felipe/ros2_ws/src/install/mcl_robot/share/ament_index/resource_index/packages
[1.479s] copying package.xml -> /home/felipe/ros2_ws/src/install/mcl_robot/share/mcl_robot
[1.479s] running install_egg_info
[1.482s] Copying ../build/mcl_robot/mcl_robot.egg-info to /home/felipe/ros2_ws/src/install/mcl_robot/lib/python3.10/site-packages/mcl_robot-0.0.0-py3.10.egg-info
[1.483s] running install_scripts
[1.512s] Installing mcl_node script to /home/felipe/ros2_ws/src/install/mcl_robot/lib/mcl_robot
[1.513s] writing list of installed files to '/home/felipe/ros2_ws/src/build/mcl_robot/install.log'
[1.558s] Invoked command in '/home/felipe/ros2_ws/src/mcl_robot' returned '0': PYTHONPATH=/home/felipe/ros2_ws/src/build/mcl_robot/prefix_override:/usr/lib/python3/dist-packages/colcon_core/task/python/colcon_distutils_commands:/home/felipe/ros2_ws/src/install/mcl_robot/lib/python3.10/site-packages:${PYTHONPATH} /usr/bin/python3 -W ignore:setup.py install is deprecated -W ignore:easy_install command is deprecated setup.py egg_info --egg-base ../build/mcl_robot build --build-base /home/felipe/ros2_ws/src/build/mcl_robot/build install --record /home/felipe/ros2_ws/src/build/mcl_robot/install.log --single-version-externally-managed install_data
