[0.529s] Invoking command in '/home/felipe/ros2_ws/src/puzzle_sim': PYTHONPATH=/home/felipe/ros2_ws/build/puzzle_sim/prefix_override:/usr/lib/python3/dist-packages/colcon_core/task/python/colcon_distutils_commands:/home/felipe/ros2_ws/install/puzzle_sim/lib/python3.10/site-packages:${PYTHONPATH} /usr/bin/python3 -W ignore:setup.py install is deprecated -W ignore:easy_install command is deprecated setup.py egg_info --egg-base ../../build/puzzle_sim build --build-base /home/felipe/ros2_ws/build/puzzle_sim/build install --record /home/felipe/ros2_ws/build/puzzle_sim/install.log --single-version-externally-managed install_data
[0.736s] running egg_info
[0.737s] writing ../../build/puzzle_sim/puzzle_sim.egg-info/PKG-INFO
[0.737s] writing dependency_links to ../../build/puzzle_sim/puzzle_sim.egg-info/dependency_links.txt
[0.737s] writing entry points to ../../build/puzzle_sim/puzzle_sim.egg-info/entry_points.txt
[0.738s] writing requirements to ../../build/puzzle_sim/puzzle_sim.egg-info/requires.txt
[0.738s] writing top-level names to ../../build/puzzle_sim/puzzle_sim.egg-info/top_level.txt
[0.739s] reading manifest file '../../build/puzzle_sim/puzzle_sim.egg-info/SOURCES.txt'
[0.741s] writing manifest file '../../build/puzzle_sim/puzzle_sim.egg-info/SOURCES.txt'
[0.741s] running build
[0.741s] running build_py
[0.741s] running install
[0.741s] running install_lib
[0.742s] running install_data
[0.742s] copying urdf/puzzlebot.urdf -> /home/felipe/ros2_ws/install/puzzle_sim/share/puzzle_sim/urdf
[0.743s] running install_egg_info
[0.744s] removing '/home/felipe/ros2_ws/install/puzzle_sim/lib/python3.10/site-packages/puzzle_sim-0.0.1-py3.10.egg-info' (and everything under it)
[0.744s] Copying ../../build/puzzle_sim/puzzle_sim.egg-info to /home/felipe/ros2_ws/install/puzzle_sim/lib/python3.10/site-packages/puzzle_sim-0.0.1-py3.10.egg-info
[0.745s] running install_scripts
[0.769s] writing list of installed files to '/home/felipe/ros2_ws/build/puzzle_sim/install.log'
[0.800s] Invoked command in '/home/felipe/ros2_ws/src/puzzle_sim' returned '0': PYTHONPATH=/home/felipe/ros2_ws/build/puzzle_sim/prefix_override:/usr/lib/python3/dist-packages/colcon_core/task/python/colcon_distutils_commands:/home/felipe/ros2_ws/install/puzzle_sim/lib/python3.10/site-packages:${PYTHONPATH} /usr/bin/python3 -W ignore:setup.py install is deprecated -W ignore:easy_install command is deprecated setup.py egg_info --egg-base ../../build/puzzle_sim build --build-base /home/felipe/ros2_ws/build/puzzle_sim/build install --record /home/felipe/ros2_ws/build/puzzle_sim/install.log --single-version-externally-managed install_data
