[0.841s] Invoking command in '/home/felipe/ros2_ws/src/obstacle_avoidance': PYTHONPATH=/home/felipe/ros2_ws/build/obstacle_avoidance/prefix_override:/usr/lib/python3/dist-packages/colcon_core/task/python/colcon_distutils_commands:/home/felipe/ros2_ws/install/obstacle_avoidance/lib/python3.10/site-packages:${PYTHONPATH} /usr/bin/python3 -W ignore:setup.py install is deprecated -W ignore:easy_install command is deprecated setup.py egg_info --egg-base ../../build/obstacle_avoidance build --build-base /home/felipe/ros2_ws/build/obstacle_avoidance/build install --record /home/felipe/ros2_ws/build/obstacle_avoidance/install.log --single-version-externally-managed install_data
[1.070s] running egg_info
[1.071s] writing ../../build/obstacle_avoidance/obstacle_avoidance.egg-info/PKG-INFO
[1.071s] writing dependency_links to ../../build/obstacle_avoidance/obstacle_avoidance.egg-info/dependency_links.txt
[1.071s] writing entry points to ../../build/obstacle_avoidance/obstacle_avoidance.egg-info/entry_points.txt
[1.071s] writing requirements to ../../build/obstacle_avoidance/obstacle_avoidance.egg-info/requires.txt
[1.071s] writing top-level names to ../../build/obstacle_avoidance/obstacle_avoidance.egg-info/top_level.txt
[1.075s] reading manifest file '../../build/obstacle_avoidance/obstacle_avoidance.egg-info/SOURCES.txt'
[1.076s] writing manifest file '../../build/obstacle_avoidance/obstacle_avoidance.egg-info/SOURCES.txt'
[1.076s] running build
[1.076s] running build_py
[1.077s] running install
[1.077s] running install_lib
[1.078s] running install_data
[1.079s] running install_egg_info
[1.080s] removing '/home/felipe/ros2_ws/install/obstacle_avoidance/lib/python3.10/site-packages/obstacle_avoidance-0.0.0-py3.10.egg-info' (and everything under it)
[1.081s] Copying ../../build/obstacle_avoidance/obstacle_avoidance.egg-info to /home/felipe/ros2_ws/install/obstacle_avoidance/lib/python3.10/site-packages/obstacle_avoidance-0.0.0-py3.10.egg-info
[1.082s] running install_scripts
[1.109s] Installing avoider_node script to /home/felipe/ros2_ws/install/obstacle_avoidance/lib/obstacle_avoidance
[1.109s] Installing bug0 script to /home/felipe/ros2_ws/install/obstacle_avoidance/lib/obstacle_avoidance
[1.109s] Installing bug1 script to /home/felipe/ros2_ws/install/obstacle_avoidance/lib/obstacle_avoidance
[1.109s] Installing bug2 script to /home/felipe/ros2_ws/install/obstacle_avoidance/lib/obstacle_avoidance
[1.110s] writing list of installed files to '/home/felipe/ros2_ws/build/obstacle_avoidance/install.log'
[1.176s] Invoked command in '/home/felipe/ros2_ws/src/obstacle_avoidance' returned '0': PYTHONPATH=/home/felipe/ros2_ws/build/obstacle_avoidance/prefix_override:/usr/lib/python3/dist-packages/colcon_core/task/python/colcon_distutils_commands:/home/felipe/ros2_ws/install/obstacle_avoidance/lib/python3.10/site-packages:${PYTHONPATH} /usr/bin/python3 -W ignore:setup.py install is deprecated -W ignore:easy_install command is deprecated setup.py egg_info --egg-base ../../build/obstacle_avoidance build --build-base /home/felipe/ros2_ws/build/obstacle_avoidance/build install --record /home/felipe/ros2_ws/build/obstacle_avoidance/install.log --single-version-externally-managed install_data
