/home/felipe/ros2_ws/install/obstacle_avoidance/lib/python3.10/site-packages/obstacle_avoidance/bug1.py
/home/felipe/ros2_ws/install/obstacle_avoidance/lib/python3.10/site-packages/obstacle_avoidance/avoider_node.py
/home/felipe/ros2_ws/install/obstacle_avoidance/lib/python3.10/site-packages/obstacle_avoidance/__init__.py
/home/felipe/ros2_ws/install/obstacle_avoidance/lib/python3.10/site-packages/obstacle_avoidance/bug0.py
/home/felipe/ros2_ws/install/obstacle_avoidance/lib/python3.10/site-packages/obstacle_avoidance/bug2.py
/home/felipe/ros2_ws/install/obstacle_avoidance/lib/python3.10/site-packages/obstacle_avoidance/__pycache__/bug1.cpython-310.pyc
/home/felipe/ros2_ws/install/obstacle_avoidance/lib/python3.10/site-packages/obstacle_avoidance/__pycache__/avoider_node.cpython-310.pyc
/home/felipe/ros2_ws/install/obstacle_avoidance/lib/python3.10/site-packages/obstacle_avoidance/__pycache__/__init__.cpython-310.pyc
/home/felipe/ros2_ws/install/obstacle_avoidance/lib/python3.10/site-packages/obstacle_avoidance/__pycache__/bug0.cpython-310.pyc
/home/felipe/ros2_ws/install/obstacle_avoidance/lib/python3.10/site-packages/obstacle_avoidance/__pycache__/bug2.cpython-310.pyc
/home/felipe/ros2_ws/install/obstacle_avoidance/share/ament_index/resource_index/packages/obstacle_avoidance
/home/felipe/ros2_ws/install/obstacle_avoidance/share/obstacle_avoidance/package.xml
/home/felipe/ros2_ws/install/obstacle_avoidance/lib/python3.10/site-packages/obstacle_avoidance-0.0.0-py3.10.egg-info/SOURCES.txt
/home/felipe/ros2_ws/install/obstacle_avoidance/lib/python3.10/site-packages/obstacle_avoidance-0.0.0-py3.10.egg-info/requires.txt
/home/felipe/ros2_ws/install/obstacle_avoidance/lib/python3.10/site-packages/obstacle_avoidance-0.0.0-py3.10.egg-info/dependency_links.txt
/home/felipe/ros2_ws/install/obstacle_avoidance/lib/python3.10/site-packages/obstacle_avoidance-0.0.0-py3.10.egg-info/top_level.txt
/home/felipe/ros2_ws/install/obstacle_avoidance/lib/python3.10/site-packages/obstacle_avoidance-0.0.0-py3.10.egg-info/entry_points.txt
/home/felipe/ros2_ws/install/obstacle_avoidance/lib/python3.10/site-packages/obstacle_avoidance-0.0.0-py3.10.egg-info/PKG-INFO
/home/felipe/ros2_ws/install/obstacle_avoidance/lib/python3.10/site-packages/obstacle_avoidance-0.0.0-py3.10.egg-info/zip-safe
/home/felipe/ros2_ws/install/obstacle_avoidance/lib/obstacle_avoidance/avoider_node
/home/felipe/ros2_ws/install/obstacle_avoidance/lib/obstacle_avoidance/bug0
/home/felipe/ros2_ws/install/obstacle_avoidance/lib/obstacle_avoidance/bug1
/home/felipe/ros2_ws/install/obstacle_avoidance/lib/obstacle_avoidance/bug2
