running egg_info
creating ../../build/mi_servicio/mi_servicio.egg-info
writing ../../build/mi_servicio/mi_servicio.egg-info/PKG-INFO
writing dependency_links to ../../build/mi_servicio/mi_servicio.egg-info/dependency_links.txt
writing entry points to ../../build/mi_servicio/mi_servicio.egg-info/entry_points.txt
writing requirements to ../../build/mi_servicio/mi_servicio.egg-info/requires.txt
writing top-level names to ../../build/mi_servicio/mi_servicio.egg-info/top_level.txt
writing manifest file '../../build/mi_servicio/mi_servicio.egg-info/SOURCES.txt'
reading manifest file '../../build/mi_servicio/mi_servicio.egg-info/SOURCES.txt'
writing manifest file '../../build/mi_servicio/mi_servicio.egg-info/SOURCES.txt'
running build
running build_py
creating /home/felipe/ros2_ws/build/mi_servicio/build
creating /home/felipe/ros2_ws/build/mi_servicio/build/lib
creating /home/felipe/ros2_ws/build/mi_servicio/build/lib/mi_servicio
copying mi_servicio/__init__.py -> /home/felipe/ros2_ws/build/mi_servicio/build/lib/mi_servicio
copying mi_servicio/cliente.py -> /home/felipe/ros2_ws/build/mi_servicio/build/lib/mi_servicio
copying mi_servicio/servidor.py -> /home/felipe/ros2_ws/build/mi_servicio/build/lib/mi_servicio
running install
running install_lib
creating /home/felipe/ros2_ws/install/mi_servicio/lib/python3.10/site-packages/mi_servicio
copying /home/felipe/ros2_ws/build/mi_servicio/build/lib/mi_servicio/__init__.py -> /home/felipe/ros2_ws/install/mi_servicio/lib/python3.10/site-packages/mi_servicio
copying /home/felipe/ros2_ws/build/mi_servicio/build/lib/mi_servicio/cliente.py -> /home/felipe/ros2_ws/install/mi_servicio/lib/python3.10/site-packages/mi_servicio
copying /home/felipe/ros2_ws/build/mi_servicio/build/lib/mi_servicio/servidor.py -> /home/felipe/ros2_ws/install/mi_servicio/lib/python3.10/site-packages/mi_servicio
byte-compiling /home/felipe/ros2_ws/install/mi_servicio/lib/python3.10/site-packages/mi_servicio/__init__.py to __init__.cpython-310.pyc
byte-compiling /home/felipe/ros2_ws/install/mi_servicio/lib/python3.10/site-packages/mi_servicio/cliente.py to cliente.cpython-310.pyc
byte-compiling /home/felipe/ros2_ws/install/mi_servicio/lib/python3.10/site-packages/mi_servicio/servidor.py to servidor.cpython-310.pyc
running install_data
creating /home/felipe/ros2_ws/install/mi_servicio/share/ament_index
creating /home/felipe/ros2_ws/install/mi_servicio/share/ament_index/resource_index
creating /home/felipe/ros2_ws/install/mi_servicio/share/ament_index/resource_index/packages
copying resource/mi_servicio -> /home/felipe/ros2_ws/install/mi_servicio/share/ament_index/resource_index/packages
copying package.xml -> /home/felipe/ros2_ws/install/mi_servicio/share/mi_servicio
running install_egg_info
Copying ../../build/mi_servicio/mi_servicio.egg-info to /home/felipe/ros2_ws/install/mi_servicio/lib/python3.10/site-packages/mi_servicio-0.0.0-py3.10.egg-info
running install_scripts
Installing cliente script to /home/felipe/ros2_ws/install/mi_servicio/lib/mi_servicio
Installing servidor script to /home/felipe/ros2_ws/install/mi_servicio/lib/mi_servicio
writing list of installed files to '/home/felipe/ros2_ws/build/mi_servicio/install.log'
