running egg_info
creating ../../build/puzzle_sim/puzzle_sim.egg-info
writing ../../build/puzzle_sim/puzzle_sim.egg-info/PKG-INFO
writing dependency_links to ../../build/puzzle_sim/puzzle_sim.egg-info/dependency_links.txt
writing entry points to ../../build/puzzle_sim/puzzle_sim.egg-info/entry_points.txt
writing requirements to ../../build/puzzle_sim/puzzle_sim.egg-info/requires.txt
writing top-level names to ../../build/puzzle_sim/puzzle_sim.egg-info/top_level.txt
writing manifest file '../../build/puzzle_sim/puzzle_sim.egg-info/SOURCES.txt'
reading manifest file '../../build/puzzle_sim/puzzle_sim.egg-info/SOURCES.txt'
writing manifest file '../../build/puzzle_sim/puzzle_sim.egg-info/SOURCES.txt'
running build
running build_py
creating /home/felipe/ros2_ws/build/puzzle_sim/build
creating /home/felipe/ros2_ws/build/puzzle_sim/build/lib
creating /home/felipe/ros2_ws/build/puzzle_sim/build/lib/puzzle_sim
copying puzzle_sim/__init__.py -> /home/felipe/ros2_ws/build/puzzle_sim/build/lib/puzzle_sim
running install
running install_lib
creating /home/felipe/ros2_ws/install/puzzle_sim/lib/python3.10/site-packages/puzzle_sim
copying /home/felipe/ros2_ws/build/puzzle_sim/build/lib/puzzle_sim/__init__.py -> /home/felipe/ros2_ws/install/puzzle_sim/lib/python3.10/site-packages/puzzle_sim
byte-compiling /home/felipe/ros2_ws/install/puzzle_sim/lib/python3.10/site-packages/puzzle_sim/__init__.py to __init__.cpython-310.pyc
running install_data
creating /home/felipe/ros2_ws/install/puzzle_sim/share/ament_index
creating /home/felipe/ros2_ws/install/puzzle_sim/share/ament_index/resource_index
creating /home/felipe/ros2_ws/install/puzzle_sim/share/ament_index/resource_index/packages
copying resource/puzzle_sim -> /home/felipe/ros2_ws/install/puzzle_sim/share/ament_index/resource_index/packages
copying package.xml -> /home/felipe/ros2_ws/install/puzzle_sim/share/puzzle_sim
creating /home/felipe/ros2_ws/install/puzzle_sim/share/puzzle_sim/launch
copying launch/gazebo.launch.py -> /home/felipe/ros2_ws/install/puzzle_sim/share/puzzle_sim/launch
creating /home/felipe/ros2_ws/install/puzzle_sim/share/puzzle_sim/urdf
copying urdf/puzzlebot.urdf -> /home/felipe/ros2_ws/install/puzzle_sim/share/puzzle_sim/urdf
creating /home/felipe/ros2_ws/install/puzzle_sim/share/puzzle_sim/meshes
copying meshes/Puzzlebot_Caster_Wheel.stl -> /home/felipe/ros2_ws/install/puzzle_sim/share/puzzle_sim/meshes
copying meshes/Puzzlebot_Jetson_Lidar_Edition_Base.stl -> /home/felipe/ros2_ws/install/puzzle_sim/share/puzzle_sim/meshes
copying meshes/Puzzlebot_Wheel.stl -> /home/felipe/ros2_ws/install/puzzle_sim/share/puzzle_sim/meshes
running install_egg_info
Copying ../../build/puzzle_sim/puzzle_sim.egg-info to /home/felipe/ros2_ws/install/puzzle_sim/lib/python3.10/site-packages/puzzle_sim-0.0.1-py3.10.egg-info
running install_scripts
writing list of installed files to '/home/felipe/ros2_ws/build/puzzle_sim/install.log'
