[0.550s] Invoking command in '/home/felipe/ros2_ws/src/obstacle_avoidance': PYTHONPATH=/home/felipe/ros2_ws/build/obstacle_avoidance/prefix_override:/usr/lib/python3/dist-packages/colcon_core/task/python/colcon_distutils_commands:/home/felipe/ros2_ws/install/obstacle_avoidance/lib/python3.10/site-packages:${PYTHONPATH} /usr/bin/python3 -W ignore:setup.py install is deprecated -W ignore:easy_install command is deprecated setup.py egg_info --egg-base ../../build/obstacle_avoidance build --build-base /home/felipe/ros2_ws/build/obstacle_avoidance/build install --record /home/felipe/ros2_ws/build/obstacle_avoidance/install.log --single-version-externally-managed install_data
[0.711s] running egg_info
[0.711s] writing ../../build/obstacle_avoidance/obstacle_avoidance.egg-info/PKG-INFO
[0.711s] writing dependency_links to ../../build/obstacle_avoidance/obstacle_avoidance.egg-info/dependency_links.txt
[0.711s] writing entry points to ../../build/obstacle_avoidance/obstacle_avoidance.egg-info/entry_points.txt
[0.711s] writing requirements to ../../build/obstacle_avoidance/obstacle_avoidance.egg-info/requires.txt
[0.711s] writing top-level names to ../../build/obstacle_avoidance/obstacle_avoidance.egg-info/top_level.txt
[0.712s] reading manifest file '../../build/obstacle_avoidance/obstacle_avoidance.egg-info/SOURCES.txt'
[0.713s] writing manifest file '../../build/obstacle_avoidance/obstacle_avoidance.egg-info/SOURCES.txt'
[0.713s] running build
[0.713s] running build_py
[0.713s] copying obstacle_avoidance/bug2.py -> /home/felipe/ros2_ws/build/obstacle_avoidance/build/lib/obstacle_avoidance
[0.713s] running install
[0.713s] running install_lib
[0.714s] copying /home/felipe/ros2_ws/build/obstacle_avoidance/build/lib/obstacle_avoidance/bug2.py -> /home/felipe/ros2_ws/install/obstacle_avoidance/lib/python3.10/site-packages/obstacle_avoidance
[0.714s] byte-compiling /home/felipe/ros2_ws/install/obstacle_avoidance/lib/python3.10/site-packages/obstacle_avoidance/bug2.py to bug2.cpython-310.pyc
[0.715s] running install_data
[0.715s] running install_egg_info
[0.716s] removing '/home/felipe/ros2_ws/install/obstacle_avoidance/lib/python3.10/site-packages/obstacle_avoidance-0.0.0-py3.10.egg-info' (and everything under it)
[0.716s] Copying ../../build/obstacle_avoidance/obstacle_avoidance.egg-info to /home/felipe/ros2_ws/install/obstacle_avoidance/lib/python3.10/site-packages/obstacle_avoidance-0.0.0-py3.10.egg-info
[0.717s] running install_scripts
[0.729s] Installing avoider_node script to /home/felipe/ros2_ws/install/obstacle_avoidance/lib/obstacle_avoidance
[0.729s] Installing bug0 script to /home/felipe/ros2_ws/install/obstacle_avoidance/lib/obstacle_avoidance
[0.730s] Installing bug1 script to /home/felipe/ros2_ws/install/obstacle_avoidance/lib/obstacle_avoidance
[0.730s] Installing bug2 script to /home/felipe/ros2_ws/install/obstacle_avoidance/lib/obstacle_avoidance
[0.730s] writing list of installed files to '/home/felipe/ros2_ws/build/obstacle_avoidance/install.log'
[0.748s] Invoked command in '/home/felipe/ros2_ws/src/obstacle_avoidance' returned '0': PYTHONPATH=/home/felipe/ros2_ws/build/obstacle_avoidance/prefix_override:/usr/lib/python3/dist-packages/colcon_core/task/python/colcon_distutils_commands:/home/felipe/ros2_ws/install/obstacle_avoidance/lib/python3.10/site-packages:${PYTHONPATH} /usr/bin/python3 -W ignore:setup.py install is deprecated -W ignore:easy_install command is deprecated setup.py egg_info --egg-base ../../build/obstacle_avoidance build --build-base /home/felipe/ros2_ws/build/obstacle_avoidance/build install --record /home/felipe/ros2_ws/build/obstacle_avoidance/install.log --single-version-externally-managed install_data
