running egg_info
creating ../../build/mcl_robot/mcl_robot.egg-info
writing ../../build/mcl_robot/mcl_robot.egg-info/PKG-INFO
writing dependency_links to ../../build/mcl_robot/mcl_robot.egg-info/dependency_links.txt
writing entry points to ../../build/mcl_robot/mcl_robot.egg-info/entry_points.txt
writing requirements to ../../build/mcl_robot/mcl_robot.egg-info/requires.txt
writing top-level names to ../../build/mcl_robot/mcl_robot.egg-info/top_level.txt
writing manifest file '../../build/mcl_robot/mcl_robot.egg-info/SOURCES.txt'
reading manifest file '../../build/mcl_robot/mcl_robot.egg-info/SOURCES.txt'
writing manifest file '../../build/mcl_robot/mcl_robot.egg-info/SOURCES.txt'
running build
running build_py
creating /home/felipe/ros2_ws/build/mcl_robot/build
creating /home/felipe/ros2_ws/build/mcl_robot/build/lib
creating /home/felipe/ros2_ws/build/mcl_robot/build/lib/mcl_robot
copying mcl_robot/__init__.py -> /home/felipe/ros2_ws/build/mcl_robot/build/lib/mcl_robot
copying mcl_robot/mcl_node.py -> /home/felipe/ros2_ws/build/mcl_robot/build/lib/mcl_robot
running install
running install_lib
creating /home/felipe/ros2_ws/install/mcl_robot/lib/python3.10/site-packages/mcl_robot
copying /home/felipe/ros2_ws/build/mcl_robot/build/lib/mcl_robot/__init__.py -> /home/felipe/ros2_ws/install/mcl_robot/lib/python3.10/site-packages/mcl_robot
copying /home/felipe/ros2_ws/build/mcl_robot/build/lib/mcl_robot/mcl_node.py -> /home/felipe/ros2_ws/install/mcl_robot/lib/python3.10/site-packages/mcl_robot
byte-compiling /home/felipe/ros2_ws/install/mcl_robot/lib/python3.10/site-packages/mcl_robot/__init__.py to __init__.cpython-310.pyc
byte-compiling /home/felipe/ros2_ws/install/mcl_robot/lib/python3.10/site-packages/mcl_robot/mcl_node.py to mcl_node.cpython-310.pyc
running install_data
creating /home/felipe/ros2_ws/install/mcl_robot/share/ament_index
creating /home/felipe/ros2_ws/install/mcl_robot/share/ament_index/resource_index
creating /home/felipe/ros2_ws/install/mcl_robot/share/ament_index/resource_index/packages
copying resource/mcl_robot -> /home/felipe/ros2_ws/install/mcl_robot/share/ament_index/resource_index/packages
copying package.xml -> /home/felipe/ros2_ws/install/mcl_robot/share/mcl_robot
running install_egg_info
Copying ../../build/mcl_robot/mcl_robot.egg-info to /home/felipe/ros2_ws/install/mcl_robot/lib/python3.10/site-packages/mcl_robot-0.0.0-py3.10.egg-info
running install_scripts
Installing mcl_node script to /home/felipe/ros2_ws/install/mcl_robot/lib/mcl_robot
writing list of installed files to '/home/felipe/ros2_ws/build/mcl_robot/install.log'
