[0.972s] Invoking command in '/home/felipe/ros2_ws/src/mcl_robot': PYTHONPATH=/home/felipe/ros2_ws/build/mcl_robot/prefix_override:/usr/lib/python3/dist-packages/colcon_core/task/python/colcon_distutils_commands:/home/felipe/ros2_ws/install/mcl_robot/lib/python3.10/site-packages:${PYTHONPATH} /usr/bin/python3 -W ignore:setup.py install is deprecated -W ignore:easy_install command is deprecated setup.py egg_info --egg-base ../../build/mcl_robot build --build-base /home/felipe/ros2_ws/build/mcl_robot/build install --record /home/felipe/ros2_ws/build/mcl_robot/install.log --single-version-externally-managed install_data
[1.347s] running egg_info
[1.348s] creating ../../build/mcl_robot/mcl_robot.egg-info
[1.348s] writing ../../build/mcl_robot/mcl_robot.egg-info/PKG-INFO
[1.349s] writing dependency_links to ../../build/mcl_robot/mcl_robot.egg-info/dependency_links.txt
[1.349s] writing entry points to ../../build/mcl_robot/mcl_robot.egg-info/entry_points.txt
[1.349s] writing requirements to ../../build/mcl_robot/mcl_robot.egg-info/requires.txt
[1.350s] writing top-level names to ../../build/mcl_robot/mcl_robot.egg-info/top_level.txt
[1.350s] writing manifest file '../../build/mcl_robot/mcl_robot.egg-info/SOURCES.txt'
[1.354s] reading manifest file '../../build/mcl_robot/mcl_robot.egg-info/SOURCES.txt'
[1.355s] writing manifest file '../../build/mcl_robot/mcl_robot.egg-info/SOURCES.txt'
[1.355s] running build
[1.355s] running build_py
[1.355s] creating /home/felipe/ros2_ws/build/mcl_robot/build
[1.355s] creating /home/felipe/ros2_ws/build/mcl_robot/build/lib
[1.356s] creating /home/felipe/ros2_ws/build/mcl_robot/build/lib/mcl_robot
[1.356s] copying mcl_robot/__init__.py -> /home/felipe/ros2_ws/build/mcl_robot/build/lib/mcl_robot
[1.356s] copying mcl_robot/mcl_node.py -> /home/felipe/ros2_ws/build/mcl_robot/build/lib/mcl_robot
[1.356s] running install
[1.357s] running install_lib
[1.358s] creating /home/felipe/ros2_ws/install/mcl_robot/lib/python3.10/site-packages/mcl_robot
[1.358s] copying /home/felipe/ros2_ws/build/mcl_robot/build/lib/mcl_robot/__init__.py -> /home/felipe/ros2_ws/install/mcl_robot/lib/python3.10/site-packages/mcl_robot
[1.358s] copying /home/felipe/ros2_ws/build/mcl_robot/build/lib/mcl_robot/mcl_node.py -> /home/felipe/ros2_ws/install/mcl_robot/lib/python3.10/site-packages/mcl_robot
[1.359s] byte-compiling /home/felipe/ros2_ws/install/mcl_robot/lib/python3.10/site-packages/mcl_robot/__init__.py to __init__.cpython-310.pyc
[1.359s] byte-compiling /home/felipe/ros2_ws/install/mcl_robot/lib/python3.10/site-packages/mcl_robot/mcl_node.py to mcl_node.cpython-310.pyc
[1.361s] running install_data
[1.361s] creating /home/felipe/ros2_ws/install/mcl_robot/share/ament_index
[1.361s] creating /home/felipe/ros2_ws/install/mcl_robot/share/ament_index/resource_index
[1.361s] creating /home/felipe/ros2_ws/install/mcl_robot/share/ament_index/resource_index/packages
[1.361s] copying resource/mcl_robot -> /home/felipe/ros2_ws/install/mcl_robot/share/ament_index/resource_index/packages
[1.361s] copying package.xml -> /home/felipe/ros2_ws/install/mcl_robot/share/mcl_robot
[1.361s] running install_egg_info
[1.365s] Copying ../../build/mcl_robot/mcl_robot.egg-info to /home/felipe/ros2_ws/install/mcl_robot/lib/python3.10/site-packages/mcl_robot-0.0.0-py3.10.egg-info
[1.366s] running install_scripts
[1.392s] Installing mcl_node script to /home/felipe/ros2_ws/install/mcl_robot/lib/mcl_robot
[1.392s] writing list of installed files to '/home/felipe/ros2_ws/build/mcl_robot/install.log'
[1.417s] Invoked command in '/home/felipe/ros2_ws/src/mcl_robot' returned '0': PYTHONPATH=/home/felipe/ros2_ws/build/mcl_robot/prefix_override:/usr/lib/python3/dist-packages/colcon_core/task/python/colcon_distutils_commands:/home/felipe/ros2_ws/install/mcl_robot/lib/python3.10/site-packages:${PYTHONPATH} /usr/bin/python3 -W ignore:setup.py install is deprecated -W ignore:easy_install command is deprecated setup.py egg_info --egg-base ../../build/mcl_robot build --build-base /home/felipe/ros2_ws/build/mcl_robot/build install --record /home/felipe/ros2_ws/build/mcl_robot/install.log --single-version-externally-managed install_data
