/home/felipe/ros2_ws/install/puzzle_sim/lib/python3.10/site-packages/puzzle_sim/__init__.py
/home/felipe/ros2_ws/install/puzzle_sim/lib/python3.10/site-packages/puzzle_sim/__pycache__/__init__.cpython-310.pyc
/home/felipe/ros2_ws/install/puzzle_sim/share/ament_index/resource_index/packages/puzzle_sim
/home/felipe/ros2_ws/install/puzzle_sim/share/puzzle_sim/package.xml
/home/felipe/ros2_ws/install/puzzle_sim/share/puzzle_sim/launch/gazebo.launch.py
/home/felipe/ros2_ws/install/puzzle_sim/share/puzzle_sim/urdf/materials.xacro
/home/felipe/ros2_ws/install/puzzle_sim/share/puzzle_sim/urdf/parameters.xacro
/home/felipe/ros2_ws/install/puzzle_sim/share/puzzle_sim/urdf/macros.xacro
/home/felipe/ros2_ws/install/puzzle_sim/share/puzzle_sim/urdf/puzzlebot.urdf
/home/felipe/ros2_ws/install/puzzle_sim/share/puzzle_sim/meshes/chassis2.stl
/home/felipe/ros2_ws/install/puzzle_sim/share/puzzle_sim/meshes/wheel2.stl
/home/felipe/ros2_ws/install/puzzle_sim/share/puzzle_sim/meshes/LiDAR.stl
/home/felipe/ros2_ws/install/puzzle_sim/share/puzzle_sim/meshes/wheel.stl
/home/felipe/ros2_ws/install/puzzle_sim/share/puzzle_sim/meshes/chassis.stl
/home/felipe/ros2_ws/install/puzzle_sim/share/puzzle_sim/xacro/materials.xacro
/home/felipe/ros2_ws/install/puzzle_sim/share/puzzle_sim/xacro/parameters.xacro
/home/felipe/ros2_ws/install/puzzle_sim/share/puzzle_sim/xacro/puzzlebot.urdf.xacro
/home/felipe/ros2_ws/install/puzzle_sim/share/puzzle_sim/xacro/macros.xacro
/home/felipe/ros2_ws/install/puzzle_sim/lib/python3.10/site-packages/puzzle_sim-0.0.1-py3.10.egg-info/SOURCES.txt
/home/felipe/ros2_ws/install/puzzle_sim/lib/python3.10/site-packages/puzzle_sim-0.0.1-py3.10.egg-info/requires.txt
/home/felipe/ros2_ws/install/puzzle_sim/lib/python3.10/site-packages/puzzle_sim-0.0.1-py3.10.egg-info/dependency_links.txt
/home/felipe/ros2_ws/install/puzzle_sim/lib/python3.10/site-packages/puzzle_sim-0.0.1-py3.10.egg-info/top_level.txt
/home/felipe/ros2_ws/install/puzzle_sim/lib/python3.10/site-packages/puzzle_sim-0.0.1-py3.10.egg-info/entry_points.txt
/home/felipe/ros2_ws/install/puzzle_sim/lib/python3.10/site-packages/puzzle_sim-0.0.1-py3.10.egg-info/PKG-INFO
/home/felipe/ros2_ws/install/puzzle_sim/lib/python3.10/site-packages/puzzle_sim-0.0.1-py3.10.egg-info/zip-safe
